Component: ARM Compiler 5.06 update 7 (build 960) Tool: armlink [4d3601]

==============================================================================

Section Cross References

    startup_stm32f103xe.o(STACK) refers (Special) to heapauxi.o(.text) for __use_two_region_memory
    startup_stm32f103xe.o(HEAP) refers (Special) to heapauxi.o(.text) for __use_two_region_memory
    startup_stm32f103xe.o(RESET) refers (Special) to heapauxi.o(.text) for __use_two_region_memory
    startup_stm32f103xe.o(RESET) refers to startup_stm32f103xe.o(STACK) for __initial_sp
    startup_stm32f103xe.o(RESET) refers to startup_stm32f103xe.o(.text) for Reset_Handler
    startup_stm32f103xe.o(RESET) refers to stm32f1xx_it.o(i.NMI_Handler) for NMI_Handler
    startup_stm32f103xe.o(RESET) refers to context_rvds.o(.text) for HardFault_Handler
    startup_stm32f103xe.o(RESET) refers to stm32f1xx_it.o(i.MemManage_Handler) for MemManage_Handler
    startup_stm32f103xe.o(RESET) refers to stm32f1xx_it.o(i.BusFault_Handler) for BusFault_Handler
    startup_stm32f103xe.o(RESET) refers to stm32f1xx_it.o(i.UsageFault_Handler) for UsageFault_Handler
    startup_stm32f103xe.o(RESET) refers to stm32f1xx_it.o(i.SVC_Handler) for SVC_Handler
    startup_stm32f103xe.o(RESET) refers to stm32f1xx_it.o(i.DebugMon_Handler) for DebugMon_Handler
    startup_stm32f103xe.o(RESET) refers to board.o(i.SysTick_Handler) for SysTick_Handler
    startup_stm32f103xe.o(RESET) refers to usart.o(i.USART1_IRQHandler) for USART1_IRQHandler
    startup_stm32f103xe.o(.text) refers (Special) to heapauxi.o(.text) for __use_two_region_memory
    startup_stm32f103xe.o(.text) refers to system_stm32f1xx.o(i.SystemInit) for SystemInit
    startup_stm32f103xe.o(.text) refers to __main.o(!!!main) for __main
    startup_stm32f103xe.o(.text) refers to startup_stm32f103xe.o(HEAP) for Heap_Mem
    startup_stm32f103xe.o(.text) refers to startup_stm32f103xe.o(STACK) for Stack_Mem
    main.o(i.led1_thread_entry) refers to stm32f1xx_hal_gpio.o(i.HAL_GPIO_Init) for HAL_GPIO_Init
    main.o(i.led1_thread_entry) refers to stm32f1xx_hal_gpio.o(i.HAL_GPIO_TogglePin) for HAL_GPIO_TogglePin
    main.o(i.led1_thread_entry) refers to thread.o(i.rt_thread_mdelay) for rt_thread_mdelay
    main.o(i.led_thread_entry) refers to stm32f1xx_hal_gpio.o(i.HAL_GPIO_Init) for HAL_GPIO_Init
    main.o(i.led_thread_entry) refers to stm32f1xx_hal_gpio.o(i.HAL_GPIO_TogglePin) for HAL_GPIO_TogglePin
    main.o(i.led_thread_entry) refers to thread.o(i.rt_thread_mdelay) for rt_thread_mdelay
    main.o(i.main) refers to usart.o(i.usart_init) for usart_init
    main.o(i.main) refers to fuzzy_pid.o(i.PID_Init) for PID_Init
    main.o(i.main) refers to thread.o(i.rt_thread_create) for rt_thread_create
    main.o(i.main) refers to thread.o(i.rt_thread_startup) for rt_thread_startup
    main.o(i.main) refers to main.o(i.led_thread_entry) for led_thread_entry
    main.o(i.main) refers to main.o(i.uart_thread_entry) for uart_thread_entry
    main.o(i.uart_thread_entry) refers to stm32f1xx_hal_uart.o(i.HAL_UART_Receive_IT) for HAL_UART_Receive_IT
    main.o(i.uart_thread_entry) refers to fuzzy_pid.o(i.Process_LoRa_Or_Serial_Data) for Process_LoRa_Or_Serial_Data
    main.o(i.uart_thread_entry) refers to thread.o(i.rt_thread_mdelay) for rt_thread_mdelay
    main.o(i.uart_thread_entry) refers to main.o(.bss) for rx_buffer
    main.o(i.uart_thread_entry) refers to usart.o(.bss) for g_uart1_handle
    main.o(i.uart_thread_entry) refers to main.o(.data) for g_data_received_flag
    system_stm32f1xx.o(i.SystemCoreClockUpdate) refers to system_stm32f1xx.o(.data) for SystemCoreClock
    system_stm32f1xx.o(i.SystemCoreClockUpdate) refers to system_stm32f1xx.o(.constdata) for AHBPrescTable
    delay.o(i.HAL_Delay) refers to delay.o(i.delay_ms) for delay_ms
    delay.o(i.delay_init) refers to delay.o(.data) for g_fac_us
    delay.o(i.delay_ms) refers to delay.o(i.delay_us) for delay_us
    delay.o(i.delay_us) refers to delay.o(.data) for g_fac_us
    sys.o(i.sys_stm32_clock_init) refers to rt_memclr_w.o(.text) for __aeabi_memclr4
    sys.o(i.sys_stm32_clock_init) refers to stm32f1xx_hal_rcc.o(i.HAL_RCC_OscConfig) for HAL_RCC_OscConfig
    sys.o(i.sys_stm32_clock_init) refers to stm32f1xx_hal_rcc.o(i.HAL_RCC_ClockConfig) for HAL_RCC_ClockConfig
    usart.o(.rev16_text) refers (Special) to use_no_semi_2.o(.text) for __use_no_semihosting
    usart.o(.revsh_text) refers (Special) to use_no_semi_2.o(.text) for __use_no_semihosting
    usart.o(.rrx_text) refers (Special) to use_no_semi_2.o(.text) for __use_no_semihosting
    usart.o(i.HAL_UART_MspInit) refers (Special) to use_no_semi_2.o(.text) for __use_no_semihosting
    usart.o(i.HAL_UART_MspInit) refers to stm32f1xx_hal_gpio.o(i.HAL_GPIO_Init) for HAL_GPIO_Init
    usart.o(i.HAL_UART_MspInit) refers to stm32f1xx_hal_cortex.o(i.HAL_NVIC_EnableIRQ) for HAL_NVIC_EnableIRQ
    usart.o(i.HAL_UART_MspInit) refers to stm32f1xx_hal_cortex.o(i.HAL_NVIC_SetPriority) for HAL_NVIC_SetPriority
[...]
    i.HAL_GPIO_Init                          0x08000574   Section        0  stm32f1xx_hal_gpio.o(i.HAL_GPIO_Init)
    i.HAL_GPIO_TogglePin                     0x080008b4   Section        0  stm32f1xx_hal_gpio.o(i.HAL_GPIO_TogglePin)
    i.HAL_GetTick                            0x080008c8   Section        0  stm32f1xx_hal.o(i.HAL_GetTick)
    i.HAL_Init                               0x080008d4   Section        0  stm32f1xx_hal.o(i.HAL_Init)
    i.HAL_InitTick                           0x080008fc   Section        0  stm32f1xx_hal.o(i.HAL_InitTick)
    i.HAL_MspInit                            0x08000948   Section        0  stm32f1xx_hal.o(i.HAL_MspInit)
    i.HAL_NVIC_EnableIRQ                     0x0800094a   Section        0  stm32f1xx_hal_cortex.o(i.HAL_NVIC_EnableIRQ)
    i.HAL_NVIC_SetPriority                   0x0800096a   Section        0  stm32f1xx_hal_cortex.o(i.HAL_NVIC_SetPriority)
    i.HAL_NVIC_SetPriorityGrouping           0x080009e8   Section        0  stm32f1xx_hal_cortex.o(i.HAL_NVIC_SetPriorityGrouping)
    i.HAL_RCC_ClockConfig                    0x08000a10   Section        0  stm32f1xx_hal_rcc.o(i.HAL_RCC_ClockConfig)
    i.HAL_RCC_GetHCLKFreq                    0x08000b9c   Section        0  stm32f1xx_hal_rcc.o(i.HAL_RCC_GetHCLKFreq)
    i.HAL_RCC_GetPCLK1Freq                   0x08000ba8   Section        0  stm32f1xx_hal_rcc.o(i.HAL_RCC_GetPCLK1Freq)
    i.HAL_RCC_GetPCLK2Freq                   0x08000bc8   Section        0  stm32f1xx_hal_rcc.o(i.HAL_RCC_GetPCLK2Freq)
    i.HAL_RCC_GetSysClockFreq                0x08000be8   Section        0  stm32f1xx_hal_rcc.o(i.HAL_RCC_GetSysClockFreq)
    i.HAL_RCC_OscConfig                      0x08000c7c   Section        0  stm32f1xx_hal_rcc.o(i.HAL_RCC_OscConfig)
    i.HAL_SYSTICK_Config                     0x080010e0   Section        0  stm32f1xx_hal_cortex.o(i.HAL_SYSTICK_Config)
    i.HAL_UART_ErrorCallback                 0x08001114   Section        0  stm32f1xx_hal_uart.o(i.HAL_UART_ErrorCallback)
    i.HAL_UART_IRQHandler                    0x08001118   Section        0  stm32f1xx_hal_uart.o(i.HAL_UART_IRQHandler)
    i.HAL_UART_Init                          0x0800126c   Section        0  stm32f1xx_hal_uart.o(i.HAL_UART_Init)
    i.HAL_UART_MspInit                       0x080012e0   Section        0  usart.o(i.HAL_UART_MspInit)
    i.HAL_UART_Receive_IT                    0x08001394   Section        0  stm32f1xx_hal_uart.o(i.HAL_UART_Receive_IT)
    i.HAL_UART_RxCpltCallback                0x08001404   Section        0  usart.o(i.HAL_UART_RxCpltCallback)
    i.HAL_UART_Transmit                      0x08001434   Section        0  stm32f1xx_hal_uart.o(i.HAL_UART_Transmit)
    i.HAL_UART_TxCpltCallback                0x08001506   Section        0  stm32f1xx_hal_uart.o(i.HAL_UART_TxCpltCallback)
    i.MemManage_Handler                      0x08001508   Section        0  stm32f1xx_it.o(i.MemManage_Handler)
    i.NMI_Handler                            0x0800150c   Section        0  stm32f1xx_it.o(i.NMI_Handler)
    i.PID_Init                               0x08001510   Section        0  fuzzy_pid.o(i.PID_Init)
    i.Process_LoRa_Or_Serial_Data            0x08001524   Section        0  fuzzy_pid.o(i.Process_LoRa_Or_Serial_Data)
    i.RCC_Delay                              0x0800157c   Section        0  stm32f1xx_hal_rcc.o(i.RCC_Delay)
    RCC_Delay                                0x0800157d   Thumb Code    36  stm32f1xx_hal_rcc.o(i.RCC_Delay)
    i.SVC_Handler                            0x080015a4   Section        0  stm32f1xx_it.o(i.SVC_Handler)
    i.Send_To_Matlab                         0x080015a8   Section        0  fuzzy_pid.o(i.Send_To_Matlab)
    i.Standard_PID_Compute                   0x080015ec   Section        0  fuzzy_pid.o(i.Standard_PID_Compute)
    i.SysTick_Handler                        0x08001718   Section        0  board.o(i.SysTick_Handler)
    i.SystemClock_Config                     0x08001720   Section        0  board.o(i.SystemClock_Config)
    i.SystemCoreClockUpdate                  0x08001774   Section        0  system_stm32f1xx.o(i.SystemCoreClockUpdate)
    i.SystemInit                             0x08001818   Section        0  system_stm32f1xx.o(i.SystemInit)
    i.UART_DMAAbortOnError                   0x0800181a   Section        0  stm32f1xx_hal_uart.o(i.UART_DMAAbortOnError)
    UART_DMAAbortOnError                     0x0800181b   Thumb Code    20  stm32f1xx_hal_uart.o(i.UART_DMAAbortOnError)
    i.UART_EndRxTransfer                     0x0800182e   Section        0  stm32f1xx_hal_uart.o(i.UART_EndRxTransfer)
    UART_EndRxTransfer                       0x0800182f   Thumb Code    32  stm32f1xx_hal_uart.o(i.UART_EndRxTransfer)
    i.UART_EndTransmit_IT                    0x0800184e   Section        0  stm32f1xx_hal_uart.o(i.UART_EndTransmit_IT)
    UART_EndTransmit_IT                      0x0800184f   Thumb Code    32  stm32f1xx_hal_uart.o(i.UART_EndTransmit_IT)
    i.UART_Receive_IT                        0x0800186e   Section        0  stm32f1xx_hal_uart.o(i.UART_Receive_IT)
    UART_Receive_IT                          0x0800186f   Thumb Code   160  stm32f1xx_hal_uart.o(i.UART_Receive_IT)
    i.UART_SetConfig                         0x08001910   Section        0  stm32f1xx_hal_uart.o(i.UART_SetConfig)
    UART_SetConfig                           0x08001911   Thumb Code   248  stm32f1xx_hal_uart.o(i.UART_SetConfig)
    i.UART_Transmit_IT                       0x08001a0c   Section        0  stm32f1xx_hal_uart.o(i.UART_Transmit_IT)
    UART_Transmit_IT                         0x08001a0d   Thumb Code    96  stm32f1xx_hal_uart.o(i.UART_Transmit_IT)
    i.UART_WaitOnFlagUntilTimeout            0x08001a6c   Section        0  stm32f1xx_hal_uart.o(i.UART_WaitOnFlagUntilTimeout)
    UART_WaitOnFlagUntilTimeout              0x08001a6d   Thumb Code   108  stm32f1xx_hal_uart.o(i.UART_WaitOnFlagUntilTimeout)
    i.USART1_IRQHandler                      0x08001ad8   Section        0  usart.o(i.USART1_IRQHandler)
    i.UsageFault_Handler                     0x08001ae8   Section        0  stm32f1xx_it.o(i.UsageFault_Handler)
    i.__NVIC_GetPriorityGrouping             0x08001aec   Section        0  stm32f1xx_hal_cortex.o(i.__NVIC_GetPriorityGrouping)
    __NVIC_GetPriorityGrouping               0x08001aed   Thumb Code    10  stm32f1xx_hal_cortex.o(i.__NVIC_GetPriorityGrouping)
    i.__NVIC_SetPriority                     0x08001afc   Section        0  stm32f1xx_hal_cortex.o(i.__NVIC_SetPriority)
    __NVIC_SetPriority                       0x08001afd   Thumb Code    32  stm32f1xx_hal_cortex.o(i.__NVIC_SetPriority)
    i.__rt_ffs                               0x08001b24   Section        0  kservice.o(i.__rt_ffs)
    i._rt_thread_init                        0x08001b70   Section        0  thread.o(i._rt_thread_init)
    _rt_thread_init                          0x08001b71   Thumb Code   124  thread.o(i._rt_thread_init)
    i._rt_timer_init                         0x08001bf4   Section        0  timer.o(i._rt_timer_init)
    _rt_timer_init                           0x08001bf5   Thumb Code    66  timer.o(i._rt_timer_init)
    i._rt_timer_remove                       0x08001c36   Section        0  timer.o(i._rt_timer_remove)
    _rt_timer_remove                         0x08001c37   Thumb Code    28  timer.o(i._rt_timer_remove)
    i._sys_exit                              0x08001c52   Section        0  usart.o(i._sys_exit)
    i._thread_cleanup_execute                0x08001c56   Section        0  thread.o(i._thread_cleanup_execute)
    _thread_cleanup_execute                  0x08001c57   Thumb Code    28  thread.o(i._thread_cleanup_execute)
    i.led_thread_entry                       0x08001c74   Section        0  main.o(i.led_thread_entry)
    led_thread_entry                         0x08001c75   Thumb Code    72  main.o(i.led_thread_entry)
    i.main                                   0x08001cc4   Section        0  main.o(i.main)
    i.main_thread_entry                      0x08001d38   Section        0  components.o(i.main_thread_entry)
    i.plug_holes                             0x08001d48   Section        0  mem.o(i.plug_holes)
    plug_holes                               0x08001d49   Thumb Code   108  mem.o(i.plug_holes)
    i.rt_application_init                    0x08001dc0   Section        0  components.o(i.rt_application_init)
    i.rt_components_board_init               0x08001df0   Section        0  components.o(i.rt_components_board_init)
    i.rt_components_init                     0x08001e0c   Section        0  components.o(i.rt_components_init)
    i.rt_enter_critical                      0x08001e28   Section        0  scheduler.o(i.rt_enter_critical)
    i.rt_exit_critical                       0x08001e48   Section        0  scheduler.o(i.rt_exit_critical)
    i.rt_free                                0x08001e8c   Section        0  mem.o(i.rt_free)
    i.rt_heap_begin_get                      0x08001f04   Section        0  board.o(i.rt_heap_begin_get)
    i.rt_heap_end_get                        0x08001f0c   Section        0  board.o(i.rt_heap_end_get)
    i.rt_hw_board_init                       0x08001f14   Section        0  board.o(i.rt_hw_board_init)
    i.rt_hw_hard_fault_exception             0x08001f94   Section        0  cpuport.o(i.rt_hw_hard_fault_exception)
    i.rt_hw_stack_init                       0x08001fb8   Section        0  cpuport.o(i.rt_hw_stack_init)
    i.rt_interrupt_enter                     0x08002004   Section        0  irq.o(i.rt_interrupt_enter)
    i.rt_interrupt_leave                     0x08002024   Section        0  irq.o(i.rt_interrupt_leave)
    i.rt_ipc_list_resume                     0x08002044   Section        0  ipc.o(i.rt_ipc_list_resume)
    rt_ipc_list_resume                       0x08002045   Thumb Code    20  ipc.o(i.rt_ipc_list_resume)
    i.rt_ipc_list_suspend                    0x08002058   Section        0  ipc.o(i.rt_ipc_list_suspend)
    rt_ipc_list_suspend                      0x08002059   Thumb Code   110  ipc.o(i.rt_ipc_list_suspend)
    i.rt_ipc_object_init                     0x080020c6   Section        0  ipc.o(i.rt_ipc_object_init)
    rt_ipc_object_init                       0x080020c7   Thumb Code    16  ipc.o(i.rt_ipc_object_init)
    i.rt_list_init                           0x080020d6   Section        0  ipc.o(i.rt_list_init)
    rt_list_init                             0x080020d7   Thumb Code     6  ipc.o(i.rt_list_init)
    i.rt_list_init                           0x080020dc   Section        0  scheduler.o(i.rt_list_init)
    rt_list_init                             0x080020dd   Thumb Code     6  scheduler.o(i.rt_list_init)
    i.rt_list_init                           0x080020e2   Section        0  timer.o(i.rt_list_init)
    rt_list_init                             0x080020e3   Thumb Code     6  timer.o(i.rt_list_init)
    i.rt_list_insert_after                   0x080020e8   Section        0  object.o(i.rt_list_insert_after)
    rt_list_insert_after                     0x080020e9   Thumb Code    14  object.o(i.rt_list_insert_after)
    i.rt_list_insert_after                   0x080020f6   Section        0  thread.o(i.rt_list_insert_after)
    rt_list_insert_after                     0x080020f7   Thumb Code    14  thread.o(i.rt_list_insert_after)
    i.rt_list_insert_after                   0x08002104   Section        0  timer.o(i.rt_list_insert_after)
    rt_list_insert_after                     0x08002105   Thumb Code    14  timer.o(i.rt_list_insert_after)
    i.rt_list_insert_before                  0x08002112   Section        0  ipc.o(i.rt_list_insert_before)
    rt_list_insert_before                    0x08002113   Thumb Code    14  ipc.o(i.rt_list_insert_before)
    i.rt_list_isempty                        0x08002120   Section        0  ipc.o(i.rt_list_isempty)
    rt_list_isempty                          0x08002121   Thumb Code    16  ipc.o(i.rt_list_isempty)
    i.rt_list_isempty                        0x08002130   Section        0  timer.o(i.rt_list_isempty)
    rt_list_isempty                          0x08002131   Thumb Code    16  timer.o(i.rt_list_isempty)
    i.rt_list_remove                         0x08002140   Section        0  object.o(i.rt_list_remove)
    rt_list_remove                           0x08002141   Thumb Code    18  object.o(i.rt_list_remove)
    i.rt_list_remove                         0x08002152   Section        0  thread.o(i.rt_list_remove)
    rt_list_remove                           0x08002153   Thumb Code    18  thread.o(i.rt_list_remove)
    i.rt_list_remove                         0x08002164   Section        0  timer.o(i.rt_list_remove)
    rt_list_remove                           0x08002165   Thumb Code    18  timer.o(i.rt_list_remove)
    i.rt_malloc                              0x08002178   Section        0  mem.o(i.rt_malloc)
    i.rt_memset                              0x080022e4   Section        0  kservice.o(i.rt_memset)
    i.rt_object_allocate                     0x0800232c   Section        0  object.o(i.rt_object_allocate)
    i.rt_object_delete                       0x08002380   Section        0  object.o(i.rt_object_delete)
    i.rt_object_detach                       0x080023a4   Section        0  object.o(i.rt_object_detach)
    i.rt_object_get_information              0x080023c4   Section        0  object.o(i.rt_object_get_information)
    i.rt_object_init                         0x080023ec   Section        0  object.o(i.rt_object_init)
    i.rt_object_is_systemobject              0x08002442   Section        0  object.o(i.rt_object_is_systemobject)
    i.rt_os_tick_callback                    0x08002454   Section        0  board.o(i.rt_os_tick_callback)
    i.rt_schedule                            0x08002464   Section        0  scheduler.o(i.rt_schedule)
    i.rt_schedule_insert_thread              0x080024e8   Section        0  scheduler.o(i.rt_schedule_insert_thread)
    i.rt_schedule_remove_thread              0x08002538   Section        0  scheduler.o(i.rt_schedule_remove_thread)
    i.rt_sem_init                            0x0800258c   Section        0  ipc.o(i.rt_sem_init)
    i.rt_sem_release                         0x080025b2   Section        0  ipc.o(i.rt_sem_release)
    i.rt_sem_take                            0x08002604   Section        0  ipc.o(i.rt_sem_take)
    i.rt_show_version                        0x08002678   Section        0  kservice.o(i.rt_show_version)
    i.rt_strncpy                             0x0800267a   Section        0  kservice.o(i.rt_strncpy)
    i.rt_system_heap_init                    0x080026b0   Section        0  mem.o(i.rt_system_heap_init)
    i.rt_system_scheduler_init               0x08002760   Section        0  scheduler.o(i.rt_system_scheduler_init)
    i.rt_system_scheduler_start              0x080027ac   Section        0  scheduler.o(i.rt_system_scheduler_start)
    i.rt_system_timer_init                   0x080027dc   Section        0  timer.o(i.rt_system_timer_init)
    i.rt_system_timer_thread_init            0x080027f8   Section        0  timer.o(i.rt_system_timer_thread_init)
    i.rt_thread_create                       0x080027fa   Section        0  thread.o(i.rt_thread_create)
    i.rt_thread_exit                         0x0800284c   Section        0  thread.o(i.rt_thread_exit)
    i.rt_thread_idle_entry                   0x080028a4   Section        0  idle.o(i.rt_thread_idle_entry)
    rt_thread_idle_entry                     0x080028a5   Thumb Code     8  idle.o(i.rt_thread_idle_entry)
    i.rt_thread_idle_excute                  0x080028ac   Section        0  idle.o(i.rt_thread_idle_excute)
    i.rt_thread_idle_init                    0x0800290c   Section        0  idle.o(i.rt_thread_idle_init)
    i.rt_thread_init                         0x08002948   Section        0  thread.o(i.rt_thread_init)
    i.rt_thread_mdelay                       0x0800297c   Section        0  thread.o(i.rt_thread_mdelay)
    i.rt_thread_resume                       0x08002990   Section        0  thread.o(i.rt_thread_resume)
    i.rt_thread_self                         0x080029cc   Section        0  thread.o(i.rt_thread_self)
    i.rt_thread_sleep                        0x080029d8   Section        0  thread.o(i.rt_thread_sleep)
    i.rt_thread_startup                      0x08002a1c   Section        0  thread.o(i.rt_thread_startup)
    i.rt_thread_suspend                      0x08002a48   Section        0  thread.o(i.rt_thread_suspend)
    i.rt_thread_timeout                      0x08002a8c   Section        0  thread.o(i.rt_thread_timeout)
    i.rt_thread_yield                        0x08002aac   Section        0  thread.o(i.rt_thread_yield)
    i.rt_tick_from_millisecond               0x08002b10   Section        0  clock.o(i.rt_tick_from_millisecond)
    i.rt_tick_get                            0x08002b48   Section        0  clock.o(i.rt_tick_get)
    i.rt_tick_increase                       0x08002b54   Section        0  clock.o(i.rt_tick_increase)
    i.rt_timer_check                         0x08002b84   Section        0  timer.o(i.rt_timer_check)
    i.rt_timer_control                       0x08002c28   Section        0  timer.o(i.rt_timer_control)
    i.rt_timer_detach                        0x08002c8a   Section        0  timer.o(i.rt_timer_detach)
    i.rt_timer_init                          0x08002cb2   Section        0  timer.o(i.rt_timer_init)
    i.rt_timer_start                         0x08002ce0   Section        0  timer.o(i.rt_timer_start)
    i.rt_timer_stop                          0x08002dcc   Section        0  timer.o(i.rt_timer_stop)
    i.rti_board_end                          0x08002dfc   Section        0  components.o(i.rti_board_end)
    rti_board_end                            0x08002dfd   Thumb Code     4  components.o(i.rti_board_end)
    i.rti_board_start                        0x08002e00   Section        0  components.o(i.rti_board_start)
    rti_board_start                          0x08002e01   Thumb Code     4  components.o(i.rti_board_start)
    i.rti_end                                0x08002e04   Section        0  components.o(i.rti_end)
    rti_end                                  0x08002e05   Thumb Code     4  components.o(i.rti_end)
    i.rti_start                              0x08002e08   Section        0  components.o(i.rti_start)
    rti_start                                0x08002e09   Thumb Code     4  components.o(i.rti_start)
    i.rtthread_startup                       0x08002e0c   Section        0  components.o(i.rtthread_startup)
    i.uart_thread_entry                      0x08002e38   Section        0  main.o(i.uart_thread_entry)
    uart_thread_entry                        0x08002e39   Thumb Code    38  main.o(i.uart_thread_entry)
    i.usart_init                             0x08002e6c   Section        0  usart.o(i.usart_init)
    x$fpl$d2f                                0x08002e98   Section       98  d2f.o(x$fpl$d2f)
    x$fpl$dadd                               0x08002efc   Section      336  daddsub_clz.o(x$fpl$dadd)
    _dadd1                                   0x08002f0d   Thumb Code     0  daddsub_clz.o(x$fpl$dadd)
    x$fpl$dmul                               0x0800304c   Section      340  dmul.o(x$fpl$dmul)
    x$fpl$dnaninf                            0x080031a0   Section      156  dnaninf.o(x$fpl$dnaninf)
    x$fpl$dretinf                            0x0800323c   Section       12  dretinf.o(x$fpl$dretinf)
    x$fpl$dsub                               0x08003248   Section      468  daddsub_clz.o(x$fpl$dsub)
    _dsub1                                   0x08003259   Thumb Code     0  daddsub_clz.o(x$fpl$dsub)
    x$fpl$f2d                                0x0800341c   Section       86  f2d.o(x$fpl$f2d)
    x$fpl$fadd                               0x08003474   Section      196  faddsub_clz.o(x$fpl$fadd)
    _fadd1                                   0x08003483   Thumb Code     0  faddsub_clz.o(x$fpl$fadd)
    x$fpl$fcmpinf                            0x08003538   Section       24  fcmpi.o(x$fpl$fcmpinf)
    x$fpl$fleqf                              0x08003550   Section      104  fleqf.o(x$fpl$fleqf)
    x$fpl$fmul                               0x080035b8   Section      258  fmul.o(x$fpl$fmul)
    x$fpl$fnaninf                            0x080036ba   Section      140  fnaninf.o(x$fpl$fnaninf)
    x$fpl$fretinf                            0x08003746   Section       10  fretinf.o(x$fpl$fretinf)
    x$fpl$frleqf                             0x08003750   Section       98  frleqf.o(x$fpl$frleqf)
    x$fpl$fsub                               0x080037b4   Section      234  faddsub_clz.o(x$fpl$fsub)
    _fsub1                                   0x080037c3   Thumb Code     0  faddsub_clz.o(x$fpl$fsub)
    .constdata                               0x0800389e   Section       24  system_stm32f1xx.o(.constdata)
    x$fpl$usenofp                            0x0800389e   Section        0  usenofp.o(x$fpl$usenofp)
    .constdata                               0x080038b6   Section      290  kservice.o(.constdata)
    small_digits                             0x080039b6   Data          17  kservice.o(.constdata)
    large_digits                             0x080039c7   Data          17  kservice.o(.constdata)
    .rti_fn.0                                0x080039d8   Section        4  components.o(.rti_fn.0)
    __tagsym$$used                           0x080039d8   Number         0  components.o(.rti_fn.0)
    .rti_fn.0.end                            0x080039dc   Section        4  components.o(.rti_fn.0.end)
    __tagsym$$used                           0x080039dc   Number         0  components.o(.rti_fn.0.end)
    .rti_fn.1.end                            0x080039e0   Section        4  components.o(.rti_fn.1.end)
    __tagsym$$used                           0x080039e0   Number         0  components.o(.rti_fn.1.end)
    .rti_fn.6.end                            0x080039e4   Section        4  components.o(.rti_fn.6.end)
    __tagsym$$used                           0x080039e4   Number         0  components.o(.rti_fn.6.end)
    .data                                    0x20000000   Section        1  main.o(.data)
    .data                                    0x20000004   Section        4  system_stm32f1xx.o(.data)
    .data                                    0x20000008   Section        9  stm32f1xx_hal.o(.data)
    .data                                    0x20000014   Section       24  fuzzy_pid.o(.data)
    .data                                    0x2000002c   Section       16  cpuport.o(.data)
    rt_exception_hook                        0x20000038   Data           4  cpuport.o(.data)
    .data                                    0x2000003c   Section        4  clock.o(.data)
    rt_tick                                  0x2000003c   Data           4  clock.o(.data)
    .data                                    0x20000040   Section        1  irq.o(.data)
    .data                                    0x20000044   Section       24  mem.o(.data)
    heap_ptr                                 0x20000044   Data           4  mem.o(.data)
    heap_end                                 0x20000048   Data           4  mem.o(.data)
    lfree                                    0x2000004c   Data           4  mem.o(.data)
    mem_size_aligned                         0x20000050   Data           4  mem.o(.data)
    used_mem                                 0x20000054   Data           4  mem.o(.data)
    max_mem                                  0x20000058   Data           4  mem.o(.data)
    .data                                    0x2000005c   Section       64  object.o(.data)
    rt_object_container                      0x2000005c   Data          64  object.o(.data)
    .data                                    0x2000009c   Section       24  scheduler.o(.data)
    rt_scheduler_lock_nest                   0x200000a0   Data           2  scheduler.o(.data)
    .data                                    0x200000b4   Section       12  timer.o(.data)
    rt_timer_list                            0x200000b4   Data           8  timer.o(.data)
    random_nr                                0x200000bc   Data           4  timer.o(.data)
    .bss                                     0x200000c0   Section       10  main.o(.bss)
    .bss                                     0x200000cc   Section      264  usart.o(.bss)
    .bss                                     0x200001d4   Section       28  fuzzy_pid.o(.bss)
    .bss                                     0x200001f0   Section      376  idle.o(.bss)
    idle                                     0x200001f0   Data         120  idle.o(.bss)
    rt_thread_stack                          0x20000268   Data         256  idle.o(.bss)
    .bss                                     0x20000368   Section       32  mem.o(.bss)
    heap_sem                                 0x20000368   Data          32  mem.o(.bss)
    .bss                                     0x20000388   Section      256  scheduler.o(.bss)
    .bss                                     0x20000488   Section    15360  board.o(.bss)
    rt_heap                                  0x20000488   Data       15360  board.o(.bss)
    .bss                                     0x20004088   Section       96  libspace.o(.bss)
    HEAP                                     0x200040e8   Section      512  startup_stm32f103xe.o(HEAP)
    Heap_Mem                                 0x200040e8   Data         512  startup_stm32f103xe.o(HEAP)
    STACK                                    0x200042e8   Section     1024  startup_stm32f103xe.o(STACK)
    Stack_Mem                                0x200042e8   Data        1024  startup_stm32f103xe.o(STACK)
    __initial_sp                             0x200046e8   Data           0  startup_stm32f103xe.o(STACK)

    Global Symbols

    Symbol Name                              Value     Ov Type        Size  Object(Section)

    BuildAttributes$$THM_ISAv4$P$D$K$B$S$PE$A:L22UL41UL21$X:L11$S22US41US21$IEEE1$IW$USESV6$~STKCKD$USESV7$~SHL$OSPACE$ROPI$EBA8$UX$STANDARDLIB$REQ8$PRES8$EABIv2 0x00000000   Number         0  anon$$obj.o ABSOLUTE
    __ARM_use_no_argv                        0x00000000   Number         0  main.o ABSOLUTE
    __ARM_exceptions_init                     - Undefined Weak Reference
    __alloca_initialize                       - Undefined Weak Reference
    __arm_fini_                               - Undefined Weak Reference
    __arm_preinit_                            - Undefined Weak Reference
    __cpp_initialize__aeabi_                  - Undefined Weak Reference
    __cxa_finalize                            - Undefined Weak Reference
    __rt_locale                               - Undefined Weak Reference
    __sigvec_lookup                           - Undefined Weak Reference
    _atexit_init                              - Undefined Weak Reference
    _call_atexit_fns                          - Undefined Weak Reference
    _clock_init                               - Undefined Weak Reference
    _fp_trap_init                             - Undefined Weak Reference
    _fp_trap_shutdown                         - Undefined Weak Reference
    _get_lc_collate                           - Undefined Weak Reference
    _get_lc_ctype                             - Undefined Weak Reference
    _get_lc_monetary                          - Undefined Weak Reference
    _get_lc_numeric                           - Undefined Weak Reference
    _get_lc_time                              - Undefined Weak Reference
    _getenv_init                              - Undefined Weak Reference
    _handle_redirection                       - Undefined Weak Reference
    _init_alloc                               - Undefined Weak Reference
    _init_user_alloc                          - Undefined Weak Reference
    _initio                                   - Undefined Weak Reference
    _rand_init                                - Undefined Weak Reference
    _signal_finish                            - Undefined Weak Reference
    _signal_init                              - Undefined Weak Reference
    _terminate_alloc                          - Undefined Weak Reference
    _terminate_user_alloc                     - Undefined Weak Reference
    _terminateio                              - Undefined Weak Reference
    __Vectors_Size                           0x00000130   Number         0  startup_stm32f103xe.o ABSOLUTE
    __Vectors                                0x08000000   Data           4  startup_stm32f103xe.o(RESET)
    __Vectors_End                            0x08000130   Data           0  startup_stm32f103xe.o(RESET)
    __main                                   0x08000131   Thumb Code     8  __main.o(!!!main)
    __scatterload                            0x08000139   Thumb Code     0  __scatter.o(!!!scatter)
    __scatterload_rt2                        0x08000139   Thumb Code    44  __scatter.o(!!!scatter)
    __scatterload_rt2_thumb_only             0x08000139   Thumb Code     0  __scatter.o(!!!scatter)
    __scatterload_null                       0x08000147   Thumb Code     0  __scatter.o(!!!scatter)
    __scatterload_copy                       0x0800016d   Thumb Code    26  __scatter_copy.o(!!handler_copy)
    __scatterload_zeroinit                   0x08000189   Thumb Code    28  __scatter_zi.o(!!handler_zi)
    __rt_lib_init                            0x080001a5   Thumb Code     0  libinit.o(.ARM.Collect$$libinit$$00000000)
    __rt_lib_init_alloca_1                   0x080001a7   Thumb Code     0  libinit2.o(.ARM.Collect$$libinit$$0000002E)
    __rt_lib_init_argv_1                     0x080001a7   Thumb Code     0  libinit2.o(.ARM.Collect$$libinit$$0000002C)
    __rt_lib_init_atexit_1                   0x080001a7   Thumb Code     0  libinit2.o(.ARM.Collect$$libinit$$0000001B)
    __rt_lib_init_clock_1                    0x080001a7   Thumb Code     0  libinit2.o(.ARM.Collect$$libinit$$00000021)
    __rt_lib_init_cpp_1                      0x080001a7   Thumb Code     0  libinit2.o(.ARM.Collect$$libinit$$00000032)
    __rt_lib_init_exceptions_1               0x080001a7   Thumb Code     0  libinit2.o(.ARM.Collect$$libinit$$00000030)
    __rt_lib_init_fp_1                       0x080001a7   Thumb Code     0  libinit2.o(.ARM.Collect$$libinit$$00000002)
    __rt_lib_init_fp_trap_1                  0x080001a7   Thumb Code     0  libinit2.o(.ARM.Collect$$libinit$$0000001F)
    __rt_lib_init_getenv_1                   0x080001a7   Thumb Code     0  libinit2.o(.ARM.Collect$$libinit$$00000023)
    __rt_lib_init_heap_1                     0x080001a7   Thumb Code     0  libinit2.o(.ARM.Collect$$libinit$$0000000A)
    __rt_lib_init_lc_collate_1               0x080001a7   Thumb Code     0  libinit2.o(.ARM.Collect$$libinit$$00000011)
    __rt_lib_init_lc_ctype_1                 0x080001a7   Thumb Code     0  libinit2.o(.ARM.Collect$$libinit$$00000013)
    __rt_lib_init_lc_monetary_1              0x080001a7   Thumb Code     0  libinit2.o(.ARM.Collect$$libinit$$00000015)
    __rt_lib_init_lc_numeric_1               0x080001a7   Thumb Code     0  libinit2.o(.ARM.Collect$$libinit$$00000017)
    __rt_lib_init_lc_time_1                  0x080001a7   Thumb Code     0  libinit2.o(.ARM.Collect$$libinit$$00000019)
    __rt_lib_init_preinit_1                  0x080001a7   Thumb Code     0  libinit2.o(.ARM.Collect$$libinit$$00000004)
    __rt_lib_init_rand_1                     0x080001a7   Thumb Code     0  libinit2.o(.ARM.Collect$$libinit$$0000000E)
    __rt_lib_init_return                     0x080001a7   Thumb Code     0  libinit2.o(.ARM.Collect$$libinit$$00000033)
    __rt_lib_init_signal_1                   0x080001a7   Thumb Code     0  libinit2.o(.ARM.Collect$$libinit$$0000001D)
    __rt_lib_init_stdio_1                    0x080001a7   Thumb Code     0  libinit2.o(.ARM.Collect$$libinit$$00000025)
    __rt_lib_init_user_alloc_1               0x080001a7   Thumb Code     0  libinit2.o(.ARM.Collect$$libinit$$0000000C)
    __rt_lib_shutdown                        0x080001a9   Thumb Code     0  libshutdown.o(.ARM.Collect$$libshutdown$$00000000)
    __rt_lib_shutdown_cpp_1                  0x080001ab   Thumb Code     0  libshutdown2.o(.ARM.Collect$$libshutdown$$00000004)
    __rt_lib_shutdown_fini_1                 0x080001ab   Thumb Code     0  libshutdown2.o(.ARM.Collect$$libshutdown$$00000002)
    __rt_lib_shutdown_fp_trap_1              0x080001ab   Thumb Code     0  libshutdown2.o(.ARM.Collect$$libshutdown$$00000009)
    __rt_lib_shutdown_heap_1                 0x080001ab   Thumb Code     0  libshutdown2.o(.ARM.Collect$$libshutdown$$00000011)
    __rt_lib_shutdown_return                 0x080001ab   Thumb Code     0  libshutdown2.o(.ARM.Collect$$libshutdown$$00000012)
    __rt_lib_shutdown_signal_1               0x080001ab   Thumb Code     0  libshutdown2.o(.ARM.Collect$$libshutdown$$0000000C)
    __rt_lib_shutdown_stdio_1                0x080001ab   Thumb Code     0  libshutdown2.o(.ARM.Collect$$libshutdown$$00000006)
    __rt_lib_shutdown_user_alloc_1           0x080001ab   Thumb Code     0  libshutdown2.o(.ARM.Collect$$libshutdown$$0000000E)
    __rt_entry                               0x080001ad   Thumb Code     0  __rtentry.o(.ARM.Collect$$rtentry$$00000000)
    __rt_entry_presh_1                       0x080001ad   Thumb Code     0  __rtentry2.o(.ARM.Collect$$rtentry$$00000002)
    __rt_entry_sh                            0x080001ad   Thumb Code     0  __rtentry4.o(.ARM.Collect$$rtentry$$00000004)
    __rt_entry_li                            0x080001b3   Thumb Code     0  __rtentry2.o(.ARM.Collect$$rtentry$$0000000A)
    __rt_entry_postsh_1                      0x080001b3   Thumb Code     0  __rtentry2.o(.ARM.Collect$$rtentry$$00000009)
    __rt_entry_main                          0x080001b7   Thumb Code     0  __rtentry2.o(.ARM.Collect$$rtentry$$0000000D)
    __rt_entry_postli_1                      0x080001b7   Thumb Code     0  __rtentry2.o(.ARM.Collect$$rtentry$$0000000C)
    __rt_exit                                0x080001bf   Thumb Code     0  rtexit.o(.ARM.Collect$$rtexit$$00000000)
    __rt_exit_ls                             0x080001c1   Thumb Code     0  rtexit2.o(.ARM.Collect$$rtexit$$00000003)
    __rt_exit_prels_1                        0x080001c1   Thumb Code     0  rtexit2.o(.ARM.Collect$$rtexit$$00000002)
    __rt_exit_exit                           0x080001c5   Thumb Code     0  rtexit2.o(.ARM.Collect$$rtexit$$00000004)
    Reset_Handler                            0x080001cd   Thumb Code     8  startup_stm32f103xe.o(.text)
    ADC1_2_IRQHandler                        0x080001e7   Thumb Code     0  startup_stm32f103xe.o(.text)
    ADC3_IRQHandler                          0x080001e7   Thumb Code     0  startup_stm32f103xe.o(.text)
    CAN1_RX1_IRQHandler                      0x080001e7   Thumb Code     0  startup_stm32f103xe.o(.text)
    CAN1_SCE_IRQHandler                      0x080001e7   Thumb Code     0  startup_stm32f103xe.o(.text)
    DMA1_Channel1_IRQHandler                 0x080001e7   Thumb Code     0  startup_stm32f103xe.o(.text)
    DMA1_Channel2_IRQHandler                 0x080001e7   Thumb Code     0  startup_stm32f103xe.o(.text)
    DMA1_Channel3_IRQHandler                 0x080001e7   Thumb Code     0  startup_stm32f103xe.o(.text)
    DMA1_Channel4_IRQHandler                 0x080001e7   Thumb Code     0  startup_stm32f103xe.o(.text)
    DMA1_Channel5_IRQHandler                 0x080001e7   Thumb Code     0  startup_stm32f103xe.o(.text)
    DMA1_Channel6_IRQHandler                 0x080001e7   Thumb Code     0  startup_stm32f103xe.o(.text)
    DMA1_Channel7_IRQHandler                 0x080001e7   Thumb Code     0  startup_stm32f103xe.o(.text)
    DMA2_Channel1_IRQHandler                 0x080001e7   Thumb Code     0  startup_stm32f103xe.o(.text)
    DMA2_Channel2_IRQHandler                 0x080001e7   Thumb Code     0  startup_stm32f103xe.o(.text)
    DMA2_Channel3_IRQHandler                 0x080001e7   Thumb Code     0  startup_stm32f103xe.o(.text)
    DMA2_Channel4_5_IRQHandler               0x080001e7   Thumb Code     0  startup_stm32f103xe.o(.text)
    EXTI0_IRQHandler                         0x080001e7   Thumb Code     0  startup_stm32f103xe.o(.text)
    EXTI15_10_IRQHandler                     0x080001e7   Thumb Code     0  startup_stm32f103xe.o(.text)
    EXTI1_IRQHandler                         0x080001e7   Thumb Code     0  startup_stm32f103xe.o(.text)
    EXTI2_IRQHandler                         0x080001e7   Thumb Code     0  startup_stm32f103xe.o(.text)
    EXTI3_IRQHandler                         0x080001e7   Thumb Code     0  startup_stm32f103xe.o(.text)
    EXTI4_IRQHandler                         0x080001e7   Thumb Code     0  startup_stm32f103xe.o(.text)
    EXTI9_5_IRQHandler                       0x080001e7   Thumb Code     0  startup_stm32f103xe.o(.text)
    FLASH_IRQHandler                         0x080001e7   Thumb Code     0  startup_stm32f103xe.o(.text)
    FSMC_IRQHandler                          0x080001e7   Thumb Code     0  startup_stm32f103xe.o(.text)
    I2C1_ER_IRQHandler                       0x080001e7   Thumb Code     0  startup_stm32f103xe.o(.text)
    I2C1_EV_IRQHandler                       0x080001e7   Thumb Code     0  startup_stm32f103xe.o(.text)
    I2C2_ER_IRQHandler                       0x080001e7   Thumb Code     0  startup_stm32f103xe.o(.text)
    I2C2_EV_IRQHandler                       0x080001e7   Thumb Code     0  startup_stm32f103xe.o(.text)
    PVD_IRQHandler                           0x080001e7   Thumb Code     0  startup_stm32f103xe.o(.text)
    RCC_IRQHandler                           0x080001e7   Thumb Code     0  startup_stm32f103xe.o(.text)
    RTC_Alarm_IRQHandler                     0x080001e7   Thumb Code     0  startup_stm32f103xe.o(.text)
    RTC_IRQHandler                           0x080001e7   Thumb Code     0  startup_stm32f103xe.o(.text)
    SDIO_IRQHandler                          0x080001e7   Thumb Code     0  startup_stm32f103xe.o(.text)
    SPI1_IRQHandler                          0x080001e7   Thumb Code     0  startup_stm32f103xe.o(.text)
    SPI2_IRQHandler                          0x080001e7   Thumb Code     0  startup_stm32f103xe.o(.text)
    SPI3_IRQHandler                          0x080001e7   Thumb Code     0  startup_stm32f103xe.o(.text)
    TAMPER_IRQHandler                        0x080001e7   Thumb Code     0  startup_stm32f103xe.o(.text)
    TIM1_BRK_IRQHandler                      0x080001e7   Thumb Code     0  startup_stm32f103xe.o(.text)
    TIM1_CC_IRQHandler                       0x080001e7   Thumb Code     0  startup_stm32f103xe.o(.text)
    TIM1_TRG_COM_IRQHandler                  0x080001e7   Thumb Code     0  startup_stm32f103xe.o(.text)
    TIM1_UP_IRQHandler                       0x080001e7   Thumb Code     0  startup_stm32f103xe.o(.text)
    TIM2_IRQHandler                          0x080001e7   Thumb Code     0  startup_stm32f103xe.o(.text)
    TIM3_IRQHandler                          0x080001e7   Thumb Code     0  startup_stm32f103xe.o(.text)
    TIM4_IRQHandler                          0x080001e7   Thumb Code     0  startup_stm32f103xe.o(.text)
    TIM5_IRQHandler                          0x080001e7   Thumb Code     0  startup_stm32f103xe.o(.text)
    TIM6_IRQHandler                          0x080001e7   Thumb Code     0  startup_stm32f103xe.o(.text)
    TIM7_IRQHandler                          0x080001e7   Thumb Code     0  startup_stm32f103xe.o(.text)
    TIM8_BRK_IRQHandler                      0x080001e7   Thumb Code     0  startup_stm32f103xe.o(.text)
    TIM8_CC_IRQHandler                       0x080001e7   Thumb Code     0  startup_stm32f103xe.o(.text)
    TIM8_TRG_COM_IRQHandler                  0x080001e7   Thumb Code     0  startup_stm32f103xe.o(.text)
    TIM8_UP_IRQHandler                       0x080001e7   Thumb Code     0  startup_stm32f103xe.o(.text)
    UART4_IRQHandler                         0x080001e7   Thumb Code     0  startup_stm32f103xe.o(.text)
    UART5_IRQHandler                         0x080001e7   Thumb Code     0  startup_stm32f103xe.o(.text)
    USART2_IRQHandler                        0x080001e7   Thumb Code     0  startup_stm32f103xe.o(.text)
    USART3_IRQHandler                        0x080001e7   Thumb Code     0  startup_stm32f103xe.o(.text)
    USBWakeUp_IRQHandler                     0x080001e7   Thumb Code     0  startup_stm32f103xe.o(.text)
    USB_HP_CAN1_TX_IRQHandler                0x080001e7   Thumb Code     0  startup_stm32f103xe.o(.text)
    USB_LP_CAN1_RX0_IRQHandler               0x080001e7   Thumb Code     0  startup_stm32f103xe.o(.text)
    WWDG_IRQHandler                          0x080001e7   Thumb Code     0  startup_stm32f103xe.o(.text)
    __user_initial_stackheap                 0x080001e9   Thumb Code     0  startup_stm32f103xe.o(.text)
    rt_hw_interrupt_disable                  0x0800020d   Thumb Code     8  context_rvds.o(.text)
    rt_hw_interrupt_enable                   0x08000215   Thumb Code     6  context_rvds.o(.text)
    rt_hw_context_switch                     0x0800021b   Thumb Code    32  context_rvds.o(.text)
    rt_hw_context_switch_interrupt           0x0800021b   Thumb Code     0  context_rvds.o(.text)
    PendSV_Handler                           0x0800023b   Thumb Code    60  context_rvds.o(.text)
    rt_hw_context_switch_to                  0x08000277   Thumb Code    56  context_rvds.o(.text)
    rt_hw_interrupt_thread_switch            0x080002af   Thumb Code     2  context_rvds.o(.text)
    HardFault_Handler                        0x080002b1   Thumb Code    52  context_rvds.o(.text)
    __use_no_semihosting                     0x08000301   Thumb Code     2  use_no_semi_2.o(.text)
    __aeabi_memclr4                          0x08000303   Thumb Code     0  rt_memclr_w.o(.text)
    __aeabi_memclr8                          0x08000303   Thumb Code     0  rt_memclr_w.o(.text)
    __rt_memclr_w                            0x08000303   Thumb Code    78  rt_memclr_w.o(.text)
    _memset_w                                0x08000307   Thumb Code     0  rt_memclr_w.o(.text)
    __use_two_region_memory                  0x08000351   Thumb Code     2  heapauxi.o(.text)
    __rt_heap_escrow$2region                 0x08000353   Thumb Code     2  heapauxi.o(.text)
    __rt_heap_expand$2region                 0x08000355   Thumb Code     2  heapauxi.o(.text)
    __semihosting$guard                      0x08000357   Thumb Code     0  use_no_semi.o(.text)
    __use_no_semihosting_swi                 0x08000357   Thumb Code     2  use_no_semi.o(.text)
    __user_setup_stackheap                   0x08000359   Thumb Code    74  sys_stackheap_outer.o(.text)
    exit                                     0x080003a3   Thumb Code    18  exit.o(.text)
    __user_libspace                          0x080003b5   Thumb Code     8  libspace.o(.text)
    __user_perproc_libspace                  0x080003b5   Thumb Code     0  libspace.o(.text)
    __user_perthread_libspace                0x080003b5   Thumb Code     0  libspace.o(.text)
    main                                     0x080003bd   Thumb Code    10  components.o(i.$Sub$$main)
    BusFault_Handler                         0x080003c7   Thumb Code     4  stm32f1xx_it.o(i.BusFault_Handler)
    DebugMon_Handler                         0x080003cb   Thumb Code     2  stm32f1xx_it.o(i.DebugMon_Handler)
    HAL_DMA_Abort_IT                         0x080003cd   Thumb Code   414  stm32f1xx_hal_dma.o(i.HAL_DMA_Abort_IT)
    HAL_GPIO_Init                            0x08000575   Thumb Code   792  stm32f1xx_hal_gpio.o(i.HAL_GPIO_Init)
    HAL_GPIO_TogglePin                       0x080008b5   Thumb Code    20  stm32f1xx_hal_gpio.o(i.HAL_GPIO_TogglePin)
    HAL_GetTick                              0x080008c9   Thumb Code     6  stm32f1xx_hal.o(i.HAL_GetTick)
    HAL_Init                                 0x080008d5   Thumb Code    34  stm32f1xx_hal.o(i.HAL_Init)
    HAL_InitTick                             0x080008fd   Thumb Code    64  stm32f1xx_hal.o(i.HAL_InitTick)
    HAL_MspInit                              0x08000949   Thumb Code     2  stm32f1xx_hal.o(i.HAL_MspInit)
    HAL_NVIC_EnableIRQ                       0x0800094b   Thumb Code    32  stm32f1xx_hal_cortex.o(i.HAL_NVIC_EnableIRQ)
    HAL_NVIC_SetPriority                     0x0800096b   Thumb Code   124  stm32f1xx_hal_cortex.o(i.HAL_NVIC_SetPriority)
    HAL_NVIC_SetPriorityGrouping             0x080009e9   Thumb Code    32  stm32f1xx_hal_cortex.o(i.HAL_NVIC_SetPriorityGrouping)
    HAL_RCC_ClockConfig                      0x08000a11   Thumb Code   376  stm32f1xx_hal_rcc.o(i.HAL_RCC_ClockConfig)
    HAL_RCC_GetHCLKFreq                      0x08000b9d   Thumb Code     6  stm32f1xx_hal_rcc.o(i.HAL_RCC_GetHCLKFreq)
    HAL_RCC_GetPCLK1Freq                     0x08000ba9   Thumb Code    22  stm32f1xx_hal_rcc.o(i.HAL_RCC_GetPCLK1Freq)
    HAL_RCC_GetPCLK2Freq                     0x08000bc9   Thumb Code    22  stm32f1xx_hal_rcc.o(i.HAL_RCC_GetPCLK2Freq)
    HAL_RCC_GetSysClockFreq                  0x08000be9   Thumb Code   116  stm32f1xx_hal_rcc.o(i.HAL_RCC_GetSysClockFreq)
    HAL_RCC_OscConfig                        0x08000c7d   Thumb Code  1114  stm32f1xx_hal_rcc.o(i.HAL_RCC_OscConfig)
    HAL_SYSTICK_Config                       0x080010e1   Thumb Code    52  stm32f1xx_hal_cortex.o(i.HAL_SYSTICK_Config)
    HAL_UART_ErrorCallback                   0x08001115   Thumb Code     2  stm32f1xx_hal_uart.o(i.HAL_UART_ErrorCallback)
    HAL_UART_IRQHandler                      0x08001119   Thumb Code   334  stm32f1xx_hal_uart.o(i.HAL_UART_IRQHandler)
    HAL_UART_Init                            0x0800126d   Thumb Code   114  stm32f1xx_hal_uart.o(i.HAL_UART_Init)
    HAL_UART_MspInit                         0x080012e1   Thumb Code   168  usart.o(i.HAL_UART_MspInit)
    HAL_UART_Receive_IT                      0x08001395   Thumb Code   112  stm32f1xx_hal_uart.o(i.HAL_UART_Receive_IT)
    HAL_UART_RxCpltCallback                  0x08001405   Thumb Code    30  usart.o(i.HAL_UART_RxCpltCallback)
    HAL_UART_Transmit                        0x08001435   Thumb Code   210  stm32f1xx_hal_uart.o(i.HAL_UART_Transmit)
    HAL_UART_TxCpltCallback                  0x08001507   Thumb Code     2  stm32f1xx_hal_uart.o(i.HAL_UART_TxCpltCallback)
    MemManage_Handler                        0x08001509   Thumb Code     4  stm32f1xx_it.o(i.MemManage_Handler)
    NMI_Handler                              0x0800150d   Thumb Code     2  stm32f1xx_it.o(i.NMI_Handler)
    PID_Init                                 0x08001511   Thumb Code    14  fuzzy_pid.o(i.PID_Init)
    Process_LoRa_Or_Serial_Data              0x08001525   Thumb Code    74  fuzzy_pid.o(i.Process_LoRa_Or_Serial_Data)
    SVC_Handler                              0x080015a5   Thumb Code     2  stm32f1xx_it.o(i.SVC_Handler)
    Send_To_Matlab                           0x080015a9   Thumb Code    64  fuzzy_pid.o(i.Send_To_Matlab)
    Standard_PID_Compute                     0x080015ed   Thumb Code   264  fuzzy_pid.o(i.Standard_PID_Compute)
    SysTick_Handler                          0x08001719   Thumb Code     8  board.o(i.SysTick_Handler)
    SystemClock_Config                       0x08001721   Thumb Code    82  board.o(i.SystemClock_Config)
    SystemCoreClockUpdate                    0x08001775   Thumb Code   142  system_stm32f1xx.o(i.SystemCoreClockUpdate)
    SystemInit                               0x08001819   Thumb Code     2  system_stm32f1xx.o(i.SystemInit)
    USART1_IRQHandler                        0x08001ad9   Thumb Code    10  usart.o(i.USART1_IRQHandler)
    UsageFault_Handler                       0x08001ae9   Thumb Code     4  stm32f1xx_it.o(i.UsageFault_Handler)
    __rt_ffs                                 0x08001b25   Thumb Code    70  kservice.o(i.__rt_ffs)
    _sys_exit                                0x08001c53   Thumb Code     4  usart.o(i._sys_exit)
    $Super$$main                             0x08001cc5   Thumb Code    82  main.o(i.main)
    main_thread_entry                        0x08001d39   Thumb Code    14  components.o(i.main_thread_entry)
    rt_application_init                      0x08001dc1   Thumb Code    34  components.o(i.rt_application_init)
    rt_components_board_init                 0x08001df1   Thumb Code    20  components.o(i.rt_components_board_init)
    rt_components_init                       0x08001e0d   Thumb Code    20  components.o(i.rt_components_init)
    rt_enter_critical                        0x08001e29   Thumb Code    28  scheduler.o(i.rt_enter_critical)
    rt_exit_critical                         0x08001e49   Thumb Code    60  scheduler.o(i.rt_exit_critical)
    rt_free                                  0x08001e8d   Thumb Code    98  mem.o(i.rt_free)
    rt_heap_begin_get                        0x08001f05   Thumb Code     4  board.o(i.rt_heap_begin_get)
    rt_heap_end_get                          0x08001f0d   Thumb Code     4  board.o(i.rt_heap_end_get)
    rt_hw_board_init                         0x08001f15   Thumb Code   116  board.o(i.rt_hw_board_init)
    rt_hw_hard_fault_exception               0x08001f95   Thumb Code    32  cpuport.o(i.rt_hw_hard_fault_exception)
    rt_hw_stack_init                         0x08001fb9   Thumb Code    70  cpuport.o(i.rt_hw_stack_init)
    rt_interrupt_enter                       0x08002005   Thumb Code    26  irq.o(i.rt_interrupt_enter)
    rt_interrupt_leave                       0x08002025   Thumb Code    26  irq.o(i.rt_interrupt_leave)
    rt_malloc                                0x08002179   Thumb Code   336  mem.o(i.rt_malloc)
    rt_memset                                0x080022e5   Thumb Code    72  kservice.o(i.rt_memset)
    rt_object_allocate                       0x0800232d   Thumb Code    84  object.o(i.rt_object_allocate)
    rt_object_delete                         0x08002381   Thumb Code    36  object.o(i.rt_object_delete)
    rt_object_detach                         0x080023a5   Thumb Code    30  object.o(i.rt_object_detach)
    rt_object_get_information                0x080023c5   Thumb Code    36  object.o(i.rt_object_get_information)
    rt_object_init                           0x080023ed   Thumb Code    86  object.o(i.rt_object_init)
    rt_object_is_systemobject                0x08002443   Thumb Code    18  object.o(i.rt_object_is_systemobject)
    rt_os_tick_callback                      0x08002455   Thumb Code    16  board.o(i.rt_os_tick_callback)
    rt_schedule                              0x08002465   Thumb Code   106  scheduler.o(i.rt_schedule)
    rt_schedule_insert_thread                0x080024e9   Thumb Code    72  scheduler.o(i.rt_schedule_insert_thread)
    rt_schedule_remove_thread                0x08002539   Thumb Code    76  scheduler.o(i.rt_schedule_remove_thread)
    rt_sem_init                              0x0800258d   Thumb Code    38  ipc.o(i.rt_sem_init)
    rt_sem_release                           0x080025b3   Thumb Code    82  ipc.o(i.rt_sem_release)
    rt_sem_take                              0x08002605   Thumb Code   116  ipc.o(i.rt_sem_take)
    rt_show_version                          0x08002679   Thumb Code     2  kservice.o(i.rt_show_version)
    rt_strncpy                               0x0800267b   Thumb Code    52  kservice.o(i.rt_strncpy)
    rt_system_heap_init                      0x080026b1   Thumb Code   146  mem.o(i.rt_system_heap_init)
    rt_system_scheduler_init                 0x08002761   Thumb Code    52  scheduler.o(i.rt_system_scheduler_init)
    rt_system_scheduler_start                0x080027ad   Thumb Code    36  scheduler.o(i.rt_system_scheduler_start)
    rt_system_timer_init                     0x080027dd   Thumb Code    24  timer.o(i.rt_system_timer_init)
    rt_system_timer_thread_init              0x080027f9   Thumb Code     2  timer.o(i.rt_system_timer_thread_init)
    rt_thread_create                         0x080027fb   Thumb Code    80  thread.o(i.rt_thread_create)
    rt_thread_exit                           0x0800284d   Thumb Code    78  thread.o(i.rt_thread_exit)
    rt_thread_idle_excute                    0x080028ad   Thumb Code    92  idle.o(i.rt_thread_idle_excute)
    rt_thread_idle_init                      0x0800290d   Thumb Code    38  idle.o(i.rt_thread_idle_init)
    rt_thread_init                           0x08002949   Thumb Code    52  thread.o(i.rt_thread_init)
    rt_thread_mdelay                         0x0800297d   Thumb Code    20  thread.o(i.rt_thread_mdelay)
    rt_thread_resume                         0x08002991   Thumb Code    60  thread.o(i.rt_thread_resume)
    rt_thread_self                           0x080029cd   Thumb Code     6  thread.o(i.rt_thread_self)
    rt_thread_sleep                          0x080029d9   Thumb Code    62  thread.o(i.rt_thread_sleep)
    rt_thread_startup                        0x08002a1d   Thumb Code    44  thread.o(i.rt_thread_startup)
    rt_thread_suspend                        0x08002a49   Thumb Code    68  thread.o(i.rt_thread_suspend)
    rt_thread_timeout                        0x08002a8d   Thumb Code    32  thread.o(i.rt_thread_timeout)
    rt_thread_yield                          0x08002aad   Thumb Code    92  thread.o(i.rt_thread_yield)
    rt_tick_from_millisecond                 0x08002b11   Thumb Code    56  clock.o(i.rt_tick_from_millisecond)
    rt_tick_get                              0x08002b49   Thumb Code     6  clock.o(i.rt_tick_get)
    rt_tick_increase                         0x08002b55   Thumb Code    42  clock.o(i.rt_tick_increase)
    rt_timer_check                           0x08002b85   Thumb Code   160  timer.o(i.rt_timer_check)
    rt_timer_control                         0x08002c29   Thumb Code    98  timer.o(i.rt_timer_control)
    rt_timer_detach                          0x08002c8b   Thumb Code    40  timer.o(i.rt_timer_detach)
    rt_timer_init                            0x08002cb3   Thumb Code    46  timer.o(i.rt_timer_init)
    rt_timer_start                           0x08002ce1   Thumb Code   226  timer.o(i.rt_timer_start)
    rt_timer_stop                            0x08002dcd   Thumb Code    48  timer.o(i.rt_timer_stop)
    rtthread_startup                         0x08002e0d   Thumb Code    42  components.o(i.rtthread_startup)
    usart_init                               0x08002e6d   Thumb Code    34  usart.o(i.usart_init)
    __aeabi_d2f                              0x08002e99   Thumb Code     0  d2f.o(x$fpl$d2f)
    _d2f                                     0x08002e99   Thumb Code    98  d2f.o(x$fpl$d2f)
    __aeabi_dadd                             0x08002efd   Thumb Code     0  daddsub_clz.o(x$fpl$dadd)
    _dadd                                    0x08002efd   Thumb Code   332  daddsub_clz.o(x$fpl$dadd)
    __aeabi_dmul                             0x0800304d   Thumb Code     0  dmul.o(x$fpl$dmul)
    _dmul                                    0x0800304d   Thumb Code   332  dmul.o(x$fpl$dmul)
    __fpl_dnaninf                            0x080031a1   Thumb Code   156  dnaninf.o(x$fpl$dnaninf)
    __fpl_dretinf                            0x0800323d   Thumb Code    12  dretinf.o(x$fpl$dretinf)
    __aeabi_dsub                             0x08003249   Thumb Code     0  daddsub_clz.o(x$fpl$dsub)
    _dsub                                    0x08003249   Thumb Code   464  daddsub_clz.o(x$fpl$dsub)
    __aeabi_f2d                              0x0800341d   Thumb Code     0  f2d.o(x$fpl$f2d)
    _f2d                                     0x0800341d   Thumb Code    86  f2d.o(x$fpl$f2d)
    __aeabi_fadd                             0x08003475   Thumb Code     0  faddsub_clz.o(x$fpl$fadd)
    _fadd                                    0x08003475   Thumb Code   196  faddsub_clz.o(x$fpl$fadd)
    __fpl_fcmp_Inf                           0x08003539   Thumb Code    24  fcmpi.o(x$fpl$fcmpinf)
    __aeabi_cfcmple                          0x08003551   Thumb Code     0  fleqf.o(x$fpl$fleqf)
    _fcmple                                  0x08003551   Thumb Code   104  fleqf.o(x$fpl$fleqf)
    __fpl_fcmple_InfNaN                      0x080035a3   Thumb Code     0  fleqf.o(x$fpl$fleqf)
    __aeabi_fmul                             0x080035b9   Thumb Code     0  fmul.o(x$fpl$fmul)
    _fmul                                    0x080035b9   Thumb Code   258  fmul.o(x$fpl$fmul)
    __fpl_fnaninf                            0x080036bb   Thumb Code   140  fnaninf.o(x$fpl$fnaninf)
    __fpl_fretinf                            0x08003747   Thumb Code    10  fretinf.o(x$fpl$fretinf)
    __aeabi_cfrcmple                         0x08003751   Thumb Code     0  frleqf.o(x$fpl$frleqf)
    _frcmple                                 0x08003751   Thumb Code    98  frleqf.o(x$fpl$frleqf)
    __aeabi_fsub                             0x080037b5   Thumb Code     0  faddsub_clz.o(x$fpl$fsub)
    _fsub                                    0x080037b5   Thumb Code   234  faddsub_clz.o(x$fpl$fsub)
    AHBPrescTable                            0x0800389e   Data          16  system_stm32f1xx.o(.constdata)
    __I$use$fp                               0x0800389e   Number         0  usenofp.o(x$fpl$usenofp)
    APBPrescTable                            0x080038ae   Data           8  system_stm32f1xx.o(.constdata)
    __lowest_bit_bitmap                      0x080038b6   Data         256  kservice.o(.constdata)
    __rt_init_rti_start                      0x080039d8   Data           4  components.o(.rti_fn.0)
    __rt_init_rti_board_start                0x080039dc   Data           4  components.o(.rti_fn.0.end)
    __rt_init_rti_board_end                  0x080039e0   Data           4  components.o(.rti_fn.1.end)
    __rt_init_rti_end                        0x080039e4   Data           4  components.o(.rti_fn.6.end)
    Region$$Table$$Base                      0x080039e8   Number         0  anon$$obj.o(Region$$Table)
    Region$$Table$$Limit                     0x08003a08   Number         0  anon$$obj.o(Region$$Table)
    g_data_received_flag                     0x20000000   Data           1  main.o(.data)
    SystemCoreClock                          0x20000004   Data           4  system_stm32f1xx.o(.data)
    uwTick                                   0x20000008   Data           4  stm32f1xx_hal.o(.data)
    uwTickPrio                               0x2000000c   Data           4  stm32f1xx_hal.o(.data)
    uwTickFreq                               0x20000010   Data           1  stm32f1xx_hal.o(.data)
    Base_Kp                                  0x20000014   Data           4  fuzzy_pid.o(.data)
    Base_Ki                                  0x20000018   Data           4  fuzzy_pid.o(.data)
    Base_Kd                                  0x2000001c   Data           4  fuzzy_pid.o(.data)
    Kp                                       0x20000020   Data           4  fuzzy_pid.o(.data)
    Ki                                       0x20000024   Data           4  fuzzy_pid.o(.data)
    Kd                                       0x20000028   Data           4  fuzzy_pid.o(.data)
    rt_interrupt_from_thread                 0x2000002c   Data           4  cpuport.o(.data)
    rt_interrupt_to_thread                   0x20000030   Data           4  cpuport.o(.data)
    rt_thread_switch_interrupt_flag          0x20000034   Data           4  cpuport.o(.data)
    rt_interrupt_nest                        0x20000040   Data           1  irq.o(.data)
    rt_thread_ready_priority_group           0x2000009c   Data           4  scheduler.o(.data)
    rt_current_thread                        0x200000a4   Data           4  scheduler.o(.data)
    rt_current_priority                      0x200000a8   Data           1  scheduler.o(.data)
    rt_thread_defunct                        0x200000ac   Data           8  scheduler.o(.data)
    rx_buffer                                0x200000c0   Data          10  main.o(.bss)
    g_usart_rx_buf                           0x200000cc   Data         200  usart.o(.bss)
    g_uart1_handle                           0x20000194   Data          64  usart.o(.bss)
    g_pid                                    0x200001d4   Data          28  fuzzy_pid.o(.bss)
    rt_thread_priority_table                 0x20000388   Data         256  scheduler.o(.bss)
    __libspace_start                         0x20004088   Data          96  libspace.o(.bss)
    __temporary_stack_top$libspace           0x200040e8   Data           0  libspace.o(.bss)



==============================================================================

Memory Map of the image

  Image Entry point : 0x08000131

  Load Region LR_IROM1 (Base: 0x08000000, Size: 0x00003ac8, Max: 0x00080000, ABSOLUTE)

    Execution Region ER_IROM1 (Exec base: 0x08000000, Load base: 0x08000000, Size: 0x00003a08, Max: 0x00080000, ABSOLUTE)

    Exec Addr    Load Addr    Size         Type   Attr      Idx    E Section Name        Object

    0x08000000   0x08000000   0x00000130   Data   RO            3    RESET               startup_stm32f103xe.o
    0x08000130   0x08000130   0x00000008   Code   RO         3059  * !!!main             c_w.l(__main.o)
    0x08000138   0x08000138   0x00000034   Code   RO         3250    !!!scatter          c_w.l(__scatter.o)
    0x0800016c   0x0800016c   0x0000001a   Code   RO         3252    !!handler_copy      c_w.l(__scatter_copy.o)
    0x08000186   0x08000186   0x00000002   PAD
    0x08000188   0x08000188   0x0000001c   Code   RO         3254    !!handler_zi        c_w.l(__scatter_zi.o)
    0x080001a4   0x080001a4   0x00000002   Code   RO         3127    .ARM.Collect$$libinit$$00000000  c_w.l(libinit.o)
    0x080001a6   0x080001a6   0x00000000   Code   RO         3134    .ARM.Collect$$libinit$$00000002  c_w.l(libinit2.o)
    0x080001a6   0x080001a6   0x00000000   Code   RO         3136    .ARM.Collect$$libinit$$00000004  c_w.l(libinit2.o)
    0x080001a6   0x080001a6   0x00000000   Code   RO         3139    .ARM.Collect$$libinit$$0000000A  c_w.l(libinit2.o)
    0x080001a6   0x080001a6   0x00000000   Code   RO         3141    .ARM.Collect$$libinit$$0000000C  c_w.l(libinit2.o)
    0x080001a6   0x080001a6   0x00000000   Code   RO         3143    .ARM.Collect$$libinit$$0000000E  c_w.l(libinit2.o)
    0x080001a6   0x080001a6   0x00000000   Code   RO         3146    .ARM.Collect$$libinit$$00000011  c_w.l(libinit2.o)
    0x080001a6   0x080001a6   0x00000000   Code   RO         3148    .ARM.Collect$$libinit$$00000013  c_w.l(libinit2.o)
    0x080001a6   0x080001a6   0x00000000   Code   RO         3150    .ARM.Collect$$libinit$$00000015  c_w.l(libinit2.o)
    0x080001a6   0x080001a6   0x00000000   Code   RO         3152    .ARM.Collect$$libinit$$00000017  c_w.l(libinit2.o)
    0x080001a6   0x080001a6   0x00000000   Code   RO         3154    .ARM.Collect$$libinit$$00000019  c_w.l(libinit2.o)
    0x080001a6   0x080001a6   0x00000000   Code   RO         3156    .ARM.Collect$$libinit$$0000001B  c_w.l(libinit2.o)
    0x080001a6   0x080001a6   0x00000000   Code   RO         3158    .ARM.Collect$$libinit$$0000001D  c_w.l(libinit2.o)
    0x080001a6   0x080001a6   0x00000000   Code   RO         3160    .ARM.Collect$$libinit$$0000001F  c_w.l(libinit2.o)
    0x080001a6   0x080001a6   0x00000000   Code   RO         3162    .ARM.Collect$$libinit$$00000021  c_w.l(libinit2.o)
    0x080001a6   0x080001a6   0x00000000   Code   RO         3164    .ARM.Collect$$libinit$$00000023  c_w.l(libinit2.o)
    0x080001a6   0x080001a6   0x00000000   Code   RO         3166    .ARM.Collect$$libinit$$00000025  c_w.l(libinit2.o)
    0x080001a6   0x080001a6   0x00000000   Code   RO         3170    .ARM.Collect$$libinit$$0000002C  c_w.l(libinit2.o)
    0x080001a6   0x080001a6   0x00000000   Code   RO         3172    .ARM.Collect$$libinit$$0000002E  c_w.l(libinit2.o)
    0x080001a6   0x080001a6   0x00000000   Code   RO         3174    .ARM.Collect$$libinit$$00000030  c_w.l(libinit2.o)
    0x080001a6   0x080001a6   0x00000000   Code   RO         3176    .ARM.Collect$$libinit$$00000032  c_w.l(libinit2.o)
    0x080001a6   0x080001a6   0x00000002   Code   RO         3177    .ARM.Collect$$libinit$$00000033  c_w.l(libinit2.o)
    0x080001a8   0x080001a8   0x00000002   Code   RO         3195    .ARM.Collect$$libshutdown$$00000000  c_w.l(libshutdown.o)
    0x080001aa   0x080001aa   0x00000000   Code   RO         3203    .ARM.Collect$$libshutdown$$00000002  c_w.l(libshutdown2.o)
    0x080001aa   0x080001aa   0x00000000   Code   RO         3205    .ARM.Collect$$libshutdown$$00000004  c_w.l(libshutdown2.o)
    0x080001aa   0x080001aa   0x00000000   Code   RO         3207    .ARM.Collect$$libshutdown$$00000006  c_w.l(libshutdown2.o)
    0x080001aa   0x080001aa   0x00000000   Code   RO         3210    .ARM.Collect$$libshutdown$$00000009  c_w.l(libshutdown2.o)
    0x080001aa   0x080001aa   0x00000000   Code   RO         3213    .ARM.Collect$$libshutdown$$0000000C  c_w.l(libshutdown2.o)
    0x080001aa   0x080001aa   0x00000000   Code   RO         3215    .ARM.Collect$$libshutdown$$0000000E  c_w.l(libshutdown2.o)
    0x080001aa   0x080001aa   0x00000000   Code   RO         3218    .ARM.Collect$$libshutdown$$00000011  c_w.l(libshutdown2.o)
    0x080001aa   0x080001aa   0x00000002   Code   RO         3219    .ARM.Collect$$libshutdown$$00000012  c_w.l(libshutdown2.o)
    0x080001ac   0x080001ac   0x00000000   Code   RO         3091    .ARM.Collect$$rtentry$$00000000  c_w.l(__rtentry.o)
    0x080001ac   0x080001ac   0x00000000   Code   RO         3104    .ARM.Collect$$rtentry$$00000002  c_w.l(__rtentry2.o)
    0x080001ac   0x080001ac   0x00000006   Code   RO         3116    .ARM.Collect$$rtentry$$00000004  c_w.l(__rtentry4.o)
    0x080001b2   0x080001b2   0x00000000   Code   RO         3106    .ARM.Collect$$rtentry$$00000009  c_w.l(__rtentry2.o)
    0x080001b2   0x080001b2   0x00000004   Code   RO         3107    .ARM.Collect$$rtentry$$0000000A  c_w.l(__rtentry2.o)
    0x080001b6   0x080001b6   0x00000000   Code   RO         3109    .ARM.Collect$$rtentry$$0000000C  c_w.l(__rtentry2.o)
    0x080001b6   0x080001b6   0x00000008   Code   RO         3110    .ARM.Collect$$rtentry$$0000000D  c_w.l(__rtentry2.o)
    0x080001be   0x080001be   0x00000002   Code   RO         3131    .ARM.Collect$$rtexit$$00000000  c_w.l(rtexit.o)
    0x080001c0   0x080001c0   0x00000000   Code   RO         3179    .ARM.Collect$$rtexit$$00000002  c_w.l(rtexit2.o)
    0x080001c0   0x080001c0   0x00000004   Code   RO         3180    .ARM.Collect$$rtexit$$00000003  c_w.l(rtexit2.o)
    0x080001c4   0x080001c4   0x00000006   Code   RO         3181    .ARM.Collect$$rtexit$$00000004  c_w.l(rtexit2.o)
    0x080001ca   0x080001ca   0x00000002   PAD
    0x080001cc   0x080001cc   0x00000040   Code   RO            4    .text               startup_stm32f103xe.o
    0x0800020c   0x0800020c   0x000000f4   Code   RO         2008    .text               context_rvds.o
    0x08000300   0x08000300   0x00000002   Code   RO         3053    .text               c_w.l(use_no_semi_2.o)
    0x08000302   0x08000302   0x0000004e   Code   RO         3055    .text               c_w.l(rt_memclr_w.o)
    0x08000350   0x08000350   0x00000006   Code   RO         3057    .text               c_w.l(heapauxi.o)
    0x08000356   0x08000356   0x00000002   Code   RO         3089    .text               c_w.l(use_no_semi.o)
    0x08000358   0x08000358   0x0000004a   Code   RO         3118    .text               c_w.l(sys_stackheap_outer.o)
    0x080003a2   0x080003a2   0x00000012   Code   RO         3120    .text               c_w.l(exit.o)
    0x080003b4   0x080003b4   0x00000008   Code   RO         3128    .text               c_w.l(libspace.o)
    0x080003bc   0x080003bc   0x0000000a   Code   RO         2089    i.$Sub$$main        components.o
    0x080003c6   0x080003c6   0x00000004   Code   RO          312    i.BusFault_Handler  stm32f1xx_it.o
    0x080003ca   0x080003ca   0x00000002   Code   RO          313    i.DebugMon_Handler  stm32f1xx_it.o
    0x080003cc   0x080003cc   0x000001a8   Code   RO          991    i.HAL_DMA_Abort_IT  stm32f1xx_hal_dma.o
    0x08000574   0x08000574   0x00000340   Code   RO         1087    i.HAL_GPIO_Init     stm32f1xx_hal_gpio.o
    0x080008b4   0x080008b4   0x00000014   Code   RO         1090    i.HAL_GPIO_TogglePin  stm32f1xx_hal_gpio.o
    0x080008c8   0x080008c8   0x0000000c   Code   RO          704    i.HAL_GetTick       stm32f1xx_hal.o
    0x080008d4   0x080008d4   0x00000028   Code   RO          711    i.HAL_Init          stm32f1xx_hal.o
    0x080008fc   0x080008fc   0x0000004c   Code   RO          712    i.HAL_InitTick      stm32f1xx_hal.o
    0x08000948   0x08000948   0x00000002   Code   RO          714    i.HAL_MspInit       stm32f1xx_hal.o
    0x0800094a   0x0800094a   0x00000020   Code   RO          869    i.HAL_NVIC_EnableIRQ  stm32f1xx_hal_cortex.o
    0x0800096a   0x0800096a   0x0000007c   Code   RO          875    i.HAL_NVIC_SetPriority  stm32f1xx_hal_cortex.o
    0x080009e6   0x080009e6   0x00000002   PAD
    0x080009e8   0x080009e8   0x00000028   Code   RO          876    i.HAL_NVIC_SetPriorityGrouping  stm32f1xx_hal_cortex.o
    0x08000a10   0x08000a10   0x0000018c   Code   RO         1187    i.HAL_RCC_ClockConfig  stm32f1xx_hal_rcc.o
    0x08000b9c   0x08000b9c   0x0000000c   Code   RO         1192    i.HAL_RCC_GetHCLKFreq  stm32f1xx_hal_rcc.o
    0x08000ba8   0x08000ba8   0x00000020   Code   RO         1194    i.HAL_RCC_GetPCLK1Freq  stm32f1xx_hal_rcc.o
    0x08000bc8   0x08000bc8   0x00000020   Code   RO         1195    i.HAL_RCC_GetPCLK2Freq  stm32f1xx_hal_rcc.o
    0x08000be8   0x08000be8   0x00000094   Code   RO         1196    i.HAL_RCC_GetSysClockFreq  stm32f1xx_hal_rcc.o
    0x08000c7c   0x08000c7c   0x00000464   Code   RO         1199    i.HAL_RCC_OscConfig  stm32f1xx_hal_rcc.o
    0x080010e0   0x080010e0   0x00000034   Code   RO          880    i.HAL_SYSTICK_Config  stm32f1xx_hal_cortex.o
    0x08001114   0x08001114   0x00000002   Code   RO         1350    i.HAL_UART_ErrorCallback  stm32f1xx_hal_uart.o
    0x08001116   0x08001116   0x00000002   PAD
    0x08001118   0x08001118   0x00000154   Code   RO         1353    i.HAL_UART_IRQHandler  stm32f1xx_hal_uart.o
    0x0800126c   0x0800126c   0x00000072   Code   RO         1354    i.HAL_UART_Init     stm32f1xx_hal_uart.o
    0x080012de   0x080012de   0x00000002   PAD
    0x080012e0   0x080012e0   0x000000b4   Code   RO          614    i.HAL_UART_MspInit  usart.o
    0x08001394   0x08001394   0x00000070   Code   RO         1359    i.HAL_UART_Receive_IT  stm32f1xx_hal_uart.o
    0x08001404   0x08001404   0x00000030   Code   RO          615    i.HAL_UART_RxCpltCallback  usart.o
    0x08001434   0x08001434   0x000000d2   Code   RO         1362    i.HAL_UART_Transmit  stm32f1xx_hal_uart.o
    0x08001506   0x08001506   0x00000002   Code   RO         1365    i.HAL_UART_TxCpltCallback  stm32f1xx_hal_uart.o
    0x08001508   0x08001508   0x00000004   Code   RO          314    i.MemManage_Handler  stm32f1xx_it.o
    0x0800150c   0x0800150c   0x00000002   Code   RO          315    i.NMI_Handler       stm32f1xx_it.o
    0x0800150e   0x0800150e   0x00000002   PAD
    0x08001510   0x08001510   0x00000014   Code   RO         1951    i.PID_Init          fuzzy_pid.o
    0x08001524   0x08001524   0x00000058   Code   RO         1952    i.Process_LoRa_Or_Serial_Data  fuzzy_pid.o
    0x0800157c   0x0800157c   0x00000028   Code   RO         1200    i.RCC_Delay         stm32f1xx_hal_rcc.o
    0x080015a4   0x080015a4   0x00000002   Code   RO          316    i.SVC_Handler       stm32f1xx_it.o
    0x080015a6   0x080015a6   0x00000002   PAD
    0x080015a8   0x080015a8   0x00000044   Code   RO         1953    i.Send_To_Matlab    fuzzy_pid.o
    0x080015ec   0x080015ec   0x0000012c   Code   RO         1954    i.Standard_PID_Compute  fuzzy_pid.o
    0x08001718   0x08001718   0x00000008   Code   RO         2990    i.SysTick_Handler   board.o
    0x08001720   0x08001720   0x00000052   Code   RO         2991    i.SystemClock_Config  board.o
    0x08001772   0x08001772   0x00000002   PAD
    0x08001774   0x08001774   0x000000a4   Code   RO          275    i.SystemCoreClockUpdate  system_stm32f1xx.o
    0x08001818   0x08001818   0x00000002   Code   RO          276    i.SystemInit        system_stm32f1xx.o
    0x0800181a   0x0800181a   0x00000014   Code   RO         1367    i.UART_DMAAbortOnError  stm32f1xx_hal_uart.o
    0x0800182e   0x0800182e   0x00000020   Code   RO         1377    i.UART_EndRxTransfer  stm32f1xx_hal_uart.o
    0x0800184e   0x0800184e   0x00000020   Code   RO         1378    i.UART_EndTransmit_IT  stm32f1xx_hal_uart.o
    0x0800186e   0x0800186e   0x000000a0   Code   RO         1380    i.UART_Receive_IT   stm32f1xx_hal_uart.o
    0x0800190e   0x0800190e   0x00000002   PAD
    0x08001910   0x08001910   0x000000fc   Code   RO         1381    i.UART_SetConfig    stm32f1xx_hal_uart.o
    0x08001a0c   0x08001a0c   0x00000060   Code   RO         1382    i.UART_Transmit_IT  stm32f1xx_hal_uart.o
    0x08001a6c   0x08001a6c   0x0000006c   Code   RO         1383    i.UART_WaitOnFlagUntilTimeout  stm32f1xx_hal_uart.o
    0x08001ad8   0x08001ad8   0x00000010   Code   RO          616    i.USART1_IRQHandler  usart.o
    0x08001ae8   0x08001ae8   0x00000004   Code   RO          317    i.UsageFault_Handler  stm32f1xx_it.o
    0x08001aec   0x08001aec   0x00000010   Code   RO          882    i.__NVIC_GetPriorityGrouping  stm32f1xx_hal_cortex.o
    0x08001afc   0x08001afc   0x00000028   Code   RO          883    i.__NVIC_SetPriority  stm32f1xx_hal_cortex.o
    0x08001b24   0x08001b24   0x0000004c   Code   RO         2362    i.__rt_ffs          kservice.o
    0x08001b70   0x08001b70   0x00000084   Code   RO         2743    i._rt_thread_init   thread.o
    0x08001bf4   0x08001bf4   0x00000042   Code   RO         2875    i._rt_timer_init    timer.o
    0x08001c36   0x08001c36   0x0000001c   Code   RO         2876    i._rt_timer_remove  timer.o
    0x08001c52   0x08001c52   0x00000004   Code   RO          618    i._sys_exit         usart.o
    0x08001c56   0x08001c56   0x0000001c   Code   RO         2744    i._thread_cleanup_execute  thread.o
    0x08001c72   0x08001c72   0x00000002   PAD
    0x08001c74   0x08001c74   0x00000050   Code   RO           14    i.led_thread_entry  main.o
    0x08001cc4   0x08001cc4   0x00000074   Code   RO           15    i.main              main.o
    0x08001d38   0x08001d38   0x0000000e   Code   RO         2090    i.main_thread_entry  components.o
    0x08001d46   0x08001d46   0x00000002   PAD
    0x08001d48   0x08001d48   0x00000078   Code   RO         2533    i.plug_holes        mem.o
    0x08001dc0   0x08001dc0   0x00000030   Code   RO         2091    i.rt_application_init  components.o
    0x08001df0   0x08001df0   0x0000001c   Code   RO         2092    i.rt_components_board_init  components.o
    0x08001e0c   0x08001e0c   0x0000001c   Code   RO         2093    i.rt_components_init  components.o
    0x08001e28   0x08001e28   0x00000020   Code   RO         2677    i.rt_enter_critical  scheduler.o
    0x08001e48   0x08001e48   0x00000044   Code   RO         2678    i.rt_exit_critical  scheduler.o
    0x08001e8c   0x08001e8c   0x00000078   Code   RO         2535    i.rt_free           mem.o
    0x08001f04   0x08001f04   0x00000008   Code   RO         2992    i.rt_heap_begin_get  board.o
    0x08001f0c   0x08001f0c   0x00000008   Code   RO         2993    i.rt_heap_end_get   board.o
    0x08001f14   0x08001f14   0x00000080   Code   RO         2994    i.rt_hw_board_init  board.o
    0x08001f94   0x08001f94   0x00000024   Code   RO         2015    i.rt_hw_hard_fault_exception  cpuport.o
    0x08001fb8   0x08001fb8   0x0000004c   Code   RO         2016    i.rt_hw_stack_init  cpuport.o
    0x08002004   0x08002004   0x00000020   Code   RO         2332    i.rt_interrupt_enter  irq.o
    0x08002024   0x08002024   0x00000020   Code   RO         2334    i.rt_interrupt_leave  irq.o
    0x08002044   0x08002044   0x00000014   Code   RO         2192    i.rt_ipc_list_resume  ipc.o
    0x08002058   0x08002058   0x0000006e   Code   RO         2194    i.rt_ipc_list_suspend  ipc.o
    0x080020c6   0x080020c6   0x00000010   Code   RO         2195    i.rt_ipc_object_init  ipc.o
    0x080020d6   0x080020d6   0x00000006   Code   RO         2196    i.rt_list_init      ipc.o
    0x080020dc   0x080020dc   0x00000006   Code   RO         2679    i.rt_list_init      scheduler.o
    0x080020e2   0x080020e2   0x00000006   Code   RO         2877    i.rt_list_init      timer.o
    0x080020e8   0x080020e8   0x0000000e   Code   RO         2589    i.rt_list_insert_after  object.o
    0x080020f6   0x080020f6   0x0000000e   Code   RO         2745    i.rt_list_insert_after  thread.o
    0x08002104   0x08002104   0x0000000e   Code   RO         2878    i.rt_list_insert_after  timer.o
    0x08002112   0x08002112   0x0000000e   Code   RO         2197    i.rt_list_insert_before  ipc.o
    0x08002120   0x08002120   0x00000010   Code   RO         2198    i.rt_list_isempty   ipc.o
    0x08002130   0x08002130   0x00000010   Code   RO         2879    i.rt_list_isempty   timer.o
    0x08002140   0x08002140   0x00000012   Code   RO         2590    i.rt_list_remove    object.o
    0x08002152   0x08002152   0x00000012   Code   RO         2746    i.rt_list_remove    thread.o
    0x08002164   0x08002164   0x00000012   Code   RO         2880    i.rt_list_remove    timer.o
    0x08002176   0x08002176   0x00000002   PAD
    0x08002178   0x08002178   0x0000016c   Code   RO         2536    i.rt_malloc         mem.o
    0x080022e4   0x080022e4   0x00000048   Code   RO         2371    i.rt_memset         kservice.o
    0x0800232c   0x0800232c   0x00000054   Code   RO         2591    i.rt_object_allocate  object.o
    0x08002380   0x08002380   0x00000024   Code   RO         2592    i.rt_object_delete  object.o
    0x080023a4   0x080023a4   0x0000001e   Code   RO         2593    i.rt_object_detach  object.o
    0x080023c2   0x080023c2   0x00000002   PAD
    0x080023c4   0x080023c4   0x00000028   Code   RO         2595    i.rt_object_get_information  object.o
    0x080023ec   0x080023ec   0x00000056   Code   RO         2599    i.rt_object_init    object.o
    0x08002442   0x08002442   0x00000012   Code   RO         2600    i.rt_object_is_systemobject  object.o
    0x08002454   0x08002454   0x00000010   Code   RO         2995    i.rt_os_tick_callback  board.o
    0x08002464   0x08002464   0x00000084   Code   RO         2680    i.rt_schedule       scheduler.o
    0x080024e8   0x080024e8   0x00000050   Code   RO         2681    i.rt_schedule_insert_thread  scheduler.o
    0x08002538   0x08002538   0x00000054   Code   RO         2682    i.rt_schedule_remove_thread  scheduler.o
    0x0800258c   0x0800258c   0x00000026   Code   RO         2211    i.rt_sem_init       ipc.o
    0x080025b2   0x080025b2   0x00000052   Code   RO         2212    i.rt_sem_release    ipc.o
    0x08002604   0x08002604   0x00000074   Code   RO         2213    i.rt_sem_take       ipc.o
    0x08002678   0x08002678   0x00000002   Code   RO         2373    i.rt_show_version   kservice.o
    0x0800267a   0x0800267a   0x00000034   Code   RO         2381    i.rt_strncpy        kservice.o
    0x080026ae   0x080026ae   0x00000002   PAD
    0x080026b0   0x080026b0   0x000000b0   Code   RO         2539    i.rt_system_heap_init  mem.o
    0x08002760   0x08002760   0x0000004c   Code   RO         2683    i.rt_system_scheduler_init  scheduler.o
    0x080027ac   0x080027ac   0x00000030   Code   RO         2684    i.rt_system_scheduler_start  scheduler.o
    0x080027dc   0x080027dc   0x0000001c   Code   RO         2881    i.rt_system_timer_init  timer.o
    0x080027f8   0x080027f8   0x00000002   Code   RO         2882    i.rt_system_timer_thread_init  timer.o
    0x080027fa   0x080027fa   0x00000050   Code   RO         2748    i.rt_thread_create  thread.o
    0x0800284a   0x0800284a   0x00000002   PAD
    0x0800284c   0x0800284c   0x00000058   Code   RO         2753    i.rt_thread_exit    thread.o
    0x080028a4   0x080028a4   0x00000008   Code   RO         2157    i.rt_thread_idle_entry  idle.o
    0x080028ac   0x080028ac   0x00000060   Code   RO         2158    i.rt_thread_idle_excute  idle.o
    0x0800290c   0x0800290c   0x0000003c   Code   RO         2160    i.rt_thread_idle_init  idle.o
    0x08002948   0x08002948   0x00000034   Code   RO         2755    i.rt_thread_init    thread.o
    0x0800297c   0x0800297c   0x00000014   Code   RO         2756    i.rt_thread_mdelay  thread.o
    0x08002990   0x08002990   0x0000003c   Code   RO         2757    i.rt_thread_resume  thread.o
    0x080029cc   0x080029cc   0x0000000c   Code   RO         2758    i.rt_thread_self    thread.o
    0x080029d8   0x080029d8   0x00000044   Code   RO         2759    i.rt_thread_sleep   thread.o
    0x08002a1c   0x08002a1c   0x0000002c   Code   RO         2760    i.rt_thread_startup  thread.o
    0x08002a48   0x08002a48   0x00000044   Code   RO         2761    i.rt_thread_suspend  thread.o
    0x08002a8c   0x08002a8c   0x00000020   Code   RO         2762    i.rt_thread_timeout  thread.o
    0x08002aac   0x08002aac   0x00000064   Code   RO         2763    i.rt_thread_yield   thread.o
    0x08002b10   0x08002b10   0x00000038   Code   RO         2052    i.rt_tick_from_millisecond  clock.o
    0x08002b48   0x08002b48   0x0000000c   Code   RO         2053    i.rt_tick_get       clock.o
    0x08002b54   0x08002b54   0x00000030   Code   RO         2054    i.rt_tick_increase  clock.o
    0x08002b84   0x08002b84   0x000000a4   Code   RO         2883    i.rt_timer_check    timer.o
    0x08002c28   0x08002c28   0x00000062   Code   RO         2884    i.rt_timer_control  timer.o
    0x08002c8a   0x08002c8a   0x00000028   Code   RO         2887    i.rt_timer_detach   timer.o
    0x08002cb2   0x08002cb2   0x0000002e   Code   RO         2888    i.rt_timer_init     timer.o
    0x08002ce0   0x08002ce0   0x000000ec   Code   RO         2891    i.rt_timer_start    timer.o
    0x08002dcc   0x08002dcc   0x00000030   Code   RO         2892    i.rt_timer_stop     timer.o
    0x08002dfc   0x08002dfc   0x00000004   Code   RO         2094    i.rti_board_end     components.o
    0x08002e00   0x08002e00   0x00000004   Code   RO         2095    i.rti_board_start   components.o
    0x08002e04   0x08002e04   0x00000004   Code   RO         2096    i.rti_end           components.o
    0x08002e08   0x08002e08   0x00000004   Code   RO         2097    i.rti_start         components.o
    0x08002e0c   0x08002e0c   0x0000002a   Code   RO         2098    i.rtthread_startup  components.o
    0x08002e36   0x08002e36   0x00000002   PAD
    0x08002e38   0x08002e38   0x00000034   Code   RO           16    i.uart_thread_entry  main.o
    0x08002e6c   0x08002e6c   0x0000002c   Code   RO          621    i.usart_init        usart.o
    0x08002e98   0x08002e98   0x00000062   Code   RO         3061    x$fpl$d2f           fz_ws.l(d2f.o)
    0x08002efa   0x08002efa   0x00000002   PAD
    0x08002efc   0x08002efc   0x00000150   Code   RO         3063    x$fpl$dadd          fz_ws.l(daddsub_clz.o)
    0x0800304c   0x0800304c   0x00000154   Code   RO         3069    x$fpl$dmul          fz_ws.l(dmul.o)
    0x080031a0   0x080031a0   0x0000009c   Code   RO         3092    x$fpl$dnaninf       fz_ws.l(dnaninf.o)
    0x0800323c   0x0800323c   0x0000000c   Code   RO         3094    x$fpl$dretinf       fz_ws.l(dretinf.o)
    0x08003248   0x08003248   0x000001d4   Code   RO         3065    x$fpl$dsub          fz_ws.l(daddsub_clz.o)
    0x0800341c   0x0800341c   0x00000056   Code   RO         3071    x$fpl$f2d           fz_ws.l(f2d.o)
    0x08003472   0x08003472   0x00000002   PAD
    0x08003474   0x08003474   0x000000c4   Code   RO         3073    x$fpl$fadd          fz_ws.l(faddsub_clz.o)
    0x08003538   0x08003538   0x00000018   Code   RO         3096    x$fpl$fcmpinf       fz_ws.l(fcmpi.o)
    0x08003550   0x08003550   0x00000068   Code   RO         3083    x$fpl$fleqf         fz_ws.l(fleqf.o)
    0x080035b8   0x080035b8   0x00000102   Code   RO         3085    x$fpl$fmul          fz_ws.l(fmul.o)
    0x080036ba   0x080036ba   0x0000008c   Code   RO         3098    x$fpl$fnaninf       fz_ws.l(fnaninf.o)
    0x08003746   0x08003746   0x0000000a   Code   RO         3100    x$fpl$fretinf       fz_ws.l(fretinf.o)
    0x08003750   0x08003750   0x00000062   Code   RO         3087    x$fpl$frleqf        fz_ws.l(frleqf.o)
    0x080037b2   0x080037b2   0x00000002   PAD
    0x080037b4   0x080037b4   0x000000ea   Code   RO         3075    x$fpl$fsub          fz_ws.l(faddsub_clz.o)
    0x0800389e   0x0800389e   0x00000000   Code   RO         3102    x$fpl$usenofp       fz_ws.l(usenofp.o)
    0x0800389e   0x0800389e   0x00000018   Data   RO          277    .constdata          system_stm32f1xx.o
    0x080038b6   0x080038b6   0x00000122   Data   RO         2387    .constdata          kservice.o
    0x080039d8   0x080039d8   0x00000004   Data   RO         2099    .rti_fn.0           components.o
    0x080039dc   0x080039dc   0x00000004   Data   RO         2100    .rti_fn.0.end       components.o
    0x080039e0   0x080039e0   0x00000004   Data   RO         2101    .rti_fn.1.end       components.o
    0x080039e4   0x080039e4   0x00000004   Data   RO         2102    .rti_fn.6.end       components.o
    0x080039e8   0x080039e8   0x00000020   Data   RO         3248    Region$$Table       anon$$obj.o


    Execution Region RW_IRAM1 (Exec base: 0x20000000, Load base: 0x08003a08, Size: 0x000046e8, Max: 0x00010000, ABSOLUTE)

    Exec Addr    Load Addr    Size         Type   Attr      Idx    E Section Name        Object

    0x20000000   0x08003a08   0x00000001   Data   RW           18    .data               main.o
    0x20000001   0x08003a09   0x00000003   PAD
    0x20000004   0x08003a0c   0x00000004   Data   RW          278    .data               system_stm32f1xx.o
    0x20000008   0x08003a10   0x00000009   Data   RW          718    .data               stm32f1xx_hal.o
    0x20000011   0x08003a19   0x00000003   PAD
    0x20000014   0x08003a1c   0x00000018   Data   RW         1957    .data               fuzzy_pid.o
    0x2000002c   0x08003a34   0x00000010   Data   RW         2017    .data               cpuport.o
    0x2000003c   0x08003a44   0x00000004   Data   RW         2056    .data               clock.o
    0x20000040   0x08003a48   0x00000001   Data   RW         2335    .data               irq.o
    0x20000041   0x08003a49   0x00000003   PAD
    0x20000044   0x08003a4c   0x00000018   Data   RW         2541    .data               mem.o
    0x2000005c   0x08003a64   0x00000040   Data   RW         2602    .data               object.o
    0x2000009c   0x08003aa4   0x00000018   Data   RW         2686    .data               scheduler.o
    0x200000b4   0x08003abc   0x0000000c   Data   RW         2893    .data               timer.o
    0x200000c0        -       0x0000000a   Zero   RW           17    .bss                main.o
    0x200000ca   0x08003ac8   0x00000002   PAD
    0x200000cc        -       0x00000108   Zero   RW          622    .bss                usart.o
    0x200001d4        -       0x0000001c   Zero   RW         1955    .bss                fuzzy_pid.o
    0x200001f0        -       0x00000178   Zero   RW         2161    .bss                idle.o
    0x20000368        -       0x00000020   Zero   RW         2540    .bss                mem.o
    0x20000388        -       0x00000100   Zero   RW         2685    .bss                scheduler.o
    0x20000488        -       0x00003c00   Zero   RW         2996    .bss                board.o
    0x20004088        -       0x00000060   Zero   RW         3129    .bss                c_w.l(libspace.o)
    0x200040e8        -       0x00000200   Zero   RW            2    HEAP                startup_stm32f103xe.o
    0x200042e8        -       0x00000400   Zero   RW            1    STACK               startup_stm32f103xe.o


==============================================================================

Image component sizes


      Code (inc. data)   RO Data    RW Data    ZI Data      Debug   Object Name

       250         20          0          0      15360      29125   board.o
       116         12          0          4          0       1660   clock.o
       186         30         16          0          0       5616   components.o
       244         28          0          0          0        844   context_rvds.o
       112         10          0         16          0       3166   cpuport.o
       476         60          0         24         28       4562   fuzzy_pid.o
       164         26          0          0        376       5010   idle.o
       418          0          0          0          0       8137   ipc.o
        64         12          0          1          0       1514   irq.o
       202          6        290          0          0       5364   kservice.o
       248         56          0          1         10     459668   main.o
       780         92          0         24         32       3764   mem.o
       326          4          0         64          0       8040   object.o
       526         90          0         24        256       8290   scheduler.o
        64         26        304          0       1536        936   startup_stm32f103xe.o
       130         24          0          9          0       5969   stm32f1xx_hal.o
       304         22          0          0          0      29523   stm32f1xx_hal_cortex.o
       424         10          0          0          0       1255   stm32f1xx_hal_dma.o
       852         40          0          0          0       2729   stm32f1xx_hal_gpio.o
      1784        110          0          0          0       6116   stm32f1xx_hal_rcc.o
      1480         10          0          0          0       9755   stm32f1xx_hal_uart.o
        18          0          0          0          0       2631   stm32f1xx_it.o
       166         22         24          4          0       2083   system_stm32f1xx.o
       816         38          0          0          0      12100   thread.o
       810         24          0         12          0      11272   timer.o
       292         46          0          0        264       4972   usart.o

    ----------------------------------------------------------------------
     11280        818        666        192      17864     634101   Object Totals
         0          0         32          0          0          0   (incl. Generated)
        28          0          0          9          2          0   (incl. Padding)

    ----------------------------------------------------------------------

      Code (inc. data)   RO Data    RW Data    ZI Data      Debug   Library Member Name

         8          0          0          0          0         68   __main.o
         0          0          0          0          0          0   __rtentry.o
        12          0          0          0          0          0   __rtentry2.o
         6          0          0          0          0          0   __rtentry4.o
        52          8          0          0          0          0   __scatter.o
        26          0          0          0          0          0   __scatter_copy.o
        28          0          0          0          0          0   __scatter_zi.o
        18          0          0          0          0         80   exit.o
         6          0          0          0          0        152   heapauxi.o
         2          0          0          0          0          0   libinit.o
         2          0          0          0          0          0   libinit2.o
         2          0          0          0          0          0   libshutdown.o
         2          0          0          0          0          0   libshutdown2.o
         8          4          0          0         96         68   libspace.o
        78          0          0          0          0         80   rt_memclr_w.o
         2          0          0          0          0          0   rtexit.o
        10          0          0          0          0          0   rtexit2.o
        74          0          0          0          0         80   sys_stackheap_outer.o
         2          0          0          0          0         68   use_no_semi.o
         2          0          0          0          0         68   use_no_semi_2.o
        98          4          0          0          0         92   d2f.o
       804         16          0          0          0        272   daddsub_clz.o
       340         12          0          0          0        104   dmul.o
       156          4          0          0          0         92   dnaninf.o
        12          0          0          0          0         68   dretinf.o
        86          4          0          0          0         84   f2d.o
       430          8          0          0          0        168   faddsub_clz.o
        24          0          0          0          0         68   fcmpi.o
       104          4          0          0          0         84   fleqf.o
       258          4          0          0          0         84   fmul.o
       140          4          0          0          0         84   fnaninf.o
        10          0          0          0          0         68   fretinf.o
        98          0          0          0          0         68   frleqf.o
         0          0          0          0          0          0   usenofp.o

    ----------------------------------------------------------------------
      2910         72          0          0         96       2000   Library Totals
        10          0          0          0          0          0   (incl. Padding)

    ----------------------------------------------------------------------

      Code (inc. data)   RO Data    RW Data    ZI Data      Debug   Library Name

       340         12          0          0         96        664   c_w.l
      2560         60          0          0          0       1336   fz_ws.l

    ----------------------------------------------------------------------
      2910         72          0          0         96       2000   Library Totals

    ----------------------------------------------------------------------

==============================================================================


      Code (inc. data)   RO Data    RW Data    ZI Data      Debug   

     14190        890        666        192      17960     627985   Grand Totals
     14190        890        666        192      17960     627985   ELF Image Totals
     14190        890        666        192          0          0   ROM Totals

==============================================================================

    Total RO  Size (Code + RO Data)                14856 (  14.51kB)
    Total RW  Size (RW Data + ZI Data)             18152 (  17.73kB)
    Total ROM Size (Code + RO Data + RW Data)      15048 (  14.70kB)

==============================================================================

